<?xml version="1.0" encoding="ISO-8859-1" ?>
<link_info>
   <banner>TI ARM Linker Unix v20.2.4.LTS</banner>
   <copyright>Copyright (c) 1996-2018 Texas Instruments Incorporated</copyright>
   <link_time>0x60bbd035</link_time>
   <link_errors>0x0</link_errors>
   <output_file>garden-from-blank.out</output_file>
   <entry_point>
      <name>_c_int00_noargs</name>
      <address>0x9cfd</address>
   </entry_point>
   <input_file_list>
      <input_file id="fl-2">
         <path>./</path>
         <kind>object</kind>
         <file>main.obj</file>
         <name>main.obj</name>
      </input_file>
      <input_file id="fl-3">
         <path>./</path>
         <kind>object</kind>
         <file>msp432_startup_ccs.obj</file>
         <name>msp432_startup_ccs.obj</name>
      </input_file>
      <input_file id="fl-4">
         <path>./</path>
         <kind>object</kind>
         <file>printf-stdarg.obj</file>
         <name>printf-stdarg.obj</name>
      </input_file>
      <input_file id="fl-5">
         <path>./</path>
         <kind>object</kind>
         <file>system_msp432p401r.obj</file>
         <name>system_msp432p401r.obj</name>
      </input_file>
      <input_file id="fl-6">
         <path>./Full_Demo/</path>
         <kind>object</kind>
         <file>IntQueue.obj</file>
         <name>IntQueue.obj</name>
      </input_file>
      <input_file id="fl-7">
         <path>./Full_Demo/</path>
         <kind>object</kind>
         <file>IntQueueTimer.obj</file>
         <name>IntQueueTimer.obj</name>
      </input_file>
      <input_file id="fl-8">
         <path>./Full_Demo/</path>
         <kind>object</kind>
         <file>RunTimeStatsTimer.obj</file>
         <name>RunTimeStatsTimer.obj</name>
      </input_file>
      <input_file id="fl-9">
         <path>./Full_Demo/</path>
         <kind>object</kind>
         <file>main_full.obj</file>
         <name>main_full.obj</name>
      </input_file>
      <input_file id="fl-a">
         <path>./Full_Demo/</path>
         <kind>object</kind>
         <file>serial.obj</file>
         <name>serial.obj</name>
      </input_file>
      <input_file id="fl-b">
         <path>./SimplyBlinkyDemo/</path>
         <kind>object</kind>
         <file>main_blinky.obj</file>
         <name>main_blinky.obj</name>
      </input_file>
      <input_file id="fl-c">
         <path>./Source/</path>
         <kind>object</kind>
         <file>croutine.obj</file>
         <name>croutine.obj</name>
      </input_file>
      <input_file id="fl-d">
         <path>./Source/</path>
         <kind>object</kind>
         <file>event_groups.obj</file>
         <name>event_groups.obj</name>
      </input_file>
      <input_file id="fl-e">
         <path>./Source/</path>
         <kind>object</kind>
         <file>list.obj</file>
         <name>list.obj</name>
      </input_file>
      <input_file id="fl-f">
         <path>./Source/</path>
         <kind>object</kind>
         <file>queue.obj</file>
         <name>queue.obj</name>
      </input_file>
      <input_file id="fl-10">
         <path>./Source/</path>
         <kind>object</kind>
         <file>stream_buffer.obj</file>
         <name>stream_buffer.obj</name>
      </input_file>
      <input_file id="fl-11">
         <path>./Source/</path>
         <kind>object</kind>
         <file>tasks.obj</file>
         <name>tasks.obj</name>
      </input_file>
      <input_file id="fl-12">
         <path>./Source/</path>
         <kind>object</kind>
         <file>timers.obj</file>
         <name>timers.obj</name>
      </input_file>
      <input_file id="fl-13">
         <path>./Source/portable/CCS/ARM_CM4F/</path>
         <kind>object</kind>
         <file>port.obj</file>
         <name>port.obj</name>
      </input_file>
      <input_file id="fl-14">
         <path>./Source/portable/CCS/ARM_CM4F/</path>
         <kind>object</kind>
         <file>portasm.obj</file>
         <name>portasm.obj</name>
      </input_file>
      <input_file id="fl-15">
         <path>./Source/portable/Common/</path>
         <kind>object</kind>
         <file>mpu_wrappers.obj</file>
         <name>mpu_wrappers.obj</name>
      </input_file>
      <input_file id="fl-16">
         <path>./Source/portable/MemMang/</path>
         <kind>object</kind>
         <file>heap_1.obj</file>
         <name>heap_1.obj</name>
      </input_file>
      <input_file id="fl-17">
         <path>./driverlib/</path>
         <kind>object</kind>
         <file>adc14.obj</file>
         <name>adc14.obj</name>
      </input_file>
      <input_file id="fl-18">
         <path>./driverlib/</path>
         <kind>object</kind>
         <file>aes256.obj</file>
         <name>aes256.obj</name>
      </input_file>
      <input_file id="fl-19">
         <path>./driverlib/</path>
         <kind>object</kind>
         <file>comp_e.obj</file>
         <name>comp_e.obj</name>
      </input_file>
      <input_file id="fl-1a">
         <path>./driverlib/</path>
         <kind>object</kind>
         <file>cpu.obj</file>
         <name>cpu.obj</name>
      </input_file>
      <input_file id="fl-1b">
         <path>./driverlib/</path>
         <kind>object</kind>
         <file>crc32.obj</file>
         <name>crc32.obj</name>
      </input_file>
      <input_file id="fl-1c">
         <path>./driverlib/</path>
         <kind>object</kind>
         <file>cs.obj</file>
         <name>cs.obj</name>
      </input_file>
      <input_file id="fl-1d">
         <path>./driverlib/</path>
         <kind>object</kind>
         <file>dma.obj</file>
         <name>dma.obj</name>
      </input_file>
      <input_file id="fl-1e">
         <path>./driverlib/</path>
         <kind>object</kind>
         <file>flash.obj</file>
         <name>flash.obj</name>
      </input_file>
      <input_file id="fl-1f">
         <path>./driverlib/</path>
         <kind>object</kind>
         <file>fpu.obj</file>
         <name>fpu.obj</name>
      </input_file>
      <input_file id="fl-20">
         <path>./driverlib/</path>
         <kind>object</kind>
         <file>gpio.obj</file>
         <name>gpio.obj</name>
      </input_file>
      <input_file id="fl-21">
         <path>./driverlib/</path>
         <kind>object</kind>
         <file>i2c.obj</file>
         <name>i2c.obj</name>
      </input_file>
      <input_file id="fl-22">
         <path>./driverlib/</path>
         <kind>object</kind>
         <file>interrupt.obj</file>
         <name>interrupt.obj</name>
      </input_file>
      <input_file id="fl-23">
         <path>./driverlib/</path>
         <kind>object</kind>
         <file>mpu.obj</file>
         <name>mpu.obj</name>
      </input_file>
      <input_file id="fl-24">
         <path>./driverlib/</path>
         <kind>object</kind>
         <file>pcm.obj</file>
         <name>pcm.obj</name>
      </input_file>
      <input_file id="fl-25">
         <path>./driverlib/</path>
         <kind>object</kind>
         <file>pmap.obj</file>
         <name>pmap.obj</name>
      </input_file>
      <input_file id="fl-26">
         <path>./driverlib/</path>
         <kind>object</kind>
         <file>pss.obj</file>
         <name>pss.obj</name>
      </input_file>
      <input_file id="fl-27">
         <path>./driverlib/</path>
         <kind>object</kind>
         <file>ref_a.obj</file>
         <name>ref_a.obj</name>
      </input_file>
      <input_file id="fl-28">
         <path>./driverlib/</path>
         <kind>object</kind>
         <file>reset.obj</file>
         <name>reset.obj</name>
      </input_file>
      <input_file id="fl-29">
         <path>./driverlib/</path>
         <kind>object</kind>
         <file>rtc_c.obj</file>
         <name>rtc_c.obj</name>
      </input_file>
      <input_file id="fl-2a">
         <path>./driverlib/</path>
         <kind>object</kind>
         <file>spi.obj</file>
         <name>spi.obj</name>
      </input_file>
      <input_file id="fl-2b">
         <path>./driverlib/</path>
         <kind>object</kind>
         <file>sysctl.obj</file>
         <name>sysctl.obj</name>
      </input_file>
      <input_file id="fl-2c">
         <path>./driverlib/</path>
         <kind>object</kind>
         <file>systick.obj</file>
         <name>systick.obj</name>
      </input_file>
      <input_file id="fl-2d">
         <path>./driverlib/</path>
         <kind>object</kind>
         <file>timer32.obj</file>
         <name>timer32.obj</name>
      </input_file>
      <input_file id="fl-2e">
         <path>./driverlib/</path>
         <kind>object</kind>
         <file>timer_a.obj</file>
         <name>timer_a.obj</name>
      </input_file>
      <input_file id="fl-2f">
         <path>./driverlib/</path>
         <kind>object</kind>
         <file>uart.obj</file>
         <name>uart.obj</name>
      </input_file>
      <input_file id="fl-30">
         <path>./driverlib/</path>
         <kind>object</kind>
         <file>wdt_a.obj</file>
         <name>wdt_a.obj</name>
      </input_file>
      <input_file id="fl-34">
         <kind>object</kind>
         <file>&lt;internal&gt;</file>
         <name>&lt;internal&gt;</name>
      </input_file>
      <input_file id="fl-ea">
         <path>/home/kernelpanic/ti/ccs1031/ccs/tools/compiler/ti-cgt-arm_20.2.4.LTS/lib/</path>
         <kind>archive</kind>
         <file>rtsv7M4_T_le_v4SPD16_eabi.lib</file>
         <name>u_divt2.asm.obj</name>
      </input_file>
      <input_file id="fl-eb">
         <path>/home/kernelpanic/ti/ccs1031/ccs/tools/compiler/ti-cgt-arm_20.2.4.LTS/lib/</path>
         <kind>archive</kind>
         <file>rtsv7M4_T_le_v4SPD16_eabi.lib</file>
         <name>memset_t2.asm.obj</name>
      </input_file>
      <input_file id="fl-ec">
         <path>/home/kernelpanic/ti/ccs1031/ccs/tools/compiler/ti-cgt-arm_20.2.4.LTS/lib/</path>
         <kind>archive</kind>
         <file>rtsv7M4_T_le_v4SPD16_eabi.lib</file>
         <name>memcpy_t2.asm.obj</name>
      </input_file>
      <input_file id="fl-ed">
         <path>/home/kernelpanic/ti/ccs1031/ccs/tools/compiler/ti-cgt-arm_20.2.4.LTS/lib/</path>
         <kind>archive</kind>
         <file>rtsv7M4_T_le_v4SPD16_eabi.lib</file>
         <name>copy_zero_init.c.obj</name>
      </input_file>
      <input_file id="fl-ee">
         <path>/home/kernelpanic/ti/ccs1031/ccs/tools/compiler/ti-cgt-arm_20.2.4.LTS/lib/</path>
         <kind>archive</kind>
         <file>rtsv7M4_T_le_v4SPD16_eabi.lib</file>
         <name>copy_decompress_none.c.obj</name>
      </input_file>
      <input_file id="fl-ef">
         <path>/home/kernelpanic/ti/ccs1031/ccs/tools/compiler/ti-cgt-arm_20.2.4.LTS/lib/</path>
         <kind>archive</kind>
         <file>rtsv7M4_T_le_v4SPD16_eabi.lib</file>
         <name>copy_decompress_lzss.c.obj</name>
      </input_file>
      <input_file id="fl-f0">
         <path>/home/kernelpanic/ti/ccs1031/ccs/tools/compiler/ti-cgt-arm_20.2.4.LTS/lib/</path>
         <kind>archive</kind>
         <file>rtsv7M4_T_le_v4SPD16_eabi.lib</file>
         <name>strcpy.c.obj</name>
      </input_file>
      <input_file id="fl-f1">
         <path>/home/kernelpanic/ti/ccs1031/ccs/tools/compiler/ti-cgt-arm_20.2.4.LTS/lib/</path>
         <kind>archive</kind>
         <file>rtsv7M4_T_le_v4SPD16_eabi.lib</file>
         <name>strlen.c.obj</name>
      </input_file>
      <input_file id="fl-f2">
         <path>/home/kernelpanic/ti/ccs1031/ccs/tools/compiler/ti-cgt-arm_20.2.4.LTS/lib/</path>
         <kind>archive</kind>
         <file>rtsv7M4_T_le_v4SPD16_eabi.lib</file>
         <name>boot_cortex_m.c.obj</name>
      </input_file>
      <input_file id="fl-f3">
         <path>/home/kernelpanic/ti/ccs1031/ccs/tools/compiler/ti-cgt-arm_20.2.4.LTS/lib/</path>
         <kind>archive</kind>
         <file>rtsv7M4_T_le_v4SPD16_eabi.lib</file>
         <name>div0.asm.obj</name>
      </input_file>
      <input_file id="fl-f4">
         <path>/home/kernelpanic/ti/ccs1031/ccs/tools/compiler/ti-cgt-arm_20.2.4.LTS/lib/</path>
         <kind>archive</kind>
         <file>rtsv7M4_T_le_v4SPD16_eabi.lib</file>
         <name>autoinit.c.obj</name>
      </input_file>
      <input_file id="fl-f5">
         <path>/home/kernelpanic/ti/ccs1031/ccs/tools/compiler/ti-cgt-arm_20.2.4.LTS/lib/</path>
         <kind>archive</kind>
         <file>rtsv7M4_T_le_v4SPD16_eabi.lib</file>
         <name>pre_init.c.obj</name>
      </input_file>
      <input_file id="fl-f6">
         <path>/home/kernelpanic/ti/ccs1031/ccs/tools/compiler/ti-cgt-arm_20.2.4.LTS/lib/</path>
         <kind>archive</kind>
         <file>rtsv7M4_T_le_v4SPD16_eabi.lib</file>
         <name>cpy_tbl.c.obj</name>
      </input_file>
      <input_file id="fl-f7">
         <path>/home/kernelpanic/ti/ccs1031/ccs/tools/compiler/ti-cgt-arm_20.2.4.LTS/lib/</path>
         <kind>archive</kind>
         <file>rtsv7M4_T_le_v4SPD16_eabi.lib</file>
         <name>exit.c.obj</name>
      </input_file>
      <input_file id="fl-f8">
         <path>/home/kernelpanic/ti/ccs1031/ccs/tools/compiler/ti-cgt-arm_20.2.4.LTS/lib/</path>
         <kind>archive</kind>
         <file>rtsv7M4_T_le_v4SPD16_eabi.lib</file>
         <name>_lock.c.obj</name>
      </input_file>
      <input_file id="fl-f9">
         <path>/home/kernelpanic/ti/ccs1031/ccs/tools/compiler/ti-cgt-arm_20.2.4.LTS/lib/</path>
         <kind>archive</kind>
         <file>rtsv7M4_T_le_v4SPD16_eabi.lib</file>
         <name>args_main.c.obj</name>
      </input_file>
   </input_file_list>
   <object_component_list>
      <object_component id="oc-13">
         <name>.intvecs:retain</name>
         <load_address>0x0</load_address>
         <run_address>0x0</run_address>
         <size>0x144</size>
         <input_file_ref idref="fl-3"/>
      </object_component>
      <object_component id="oc-98">
         <name>.text</name>
         <load_address>0x144</load_address>
         <run_address>0x144</run_address>
         <size>0x2110</size>
         <input_file_ref idref="fl-11"/>
      </object_component>
      <object_component id="oc-19c">
         <name>.text</name>
         <load_address>0x2254</load_address>
         <run_address>0x2254</run_address>
         <size>0x1598</size>
         <input_file_ref idref="fl-1e"/>
      </object_component>
      <object_component id="oc-bf">
         <name>.text</name>
         <load_address>0x37ec</load_address>
         <run_address>0x37ec</run_address>
         <size>0x1110</size>
         <input_file_ref idref="fl-f"/>
      </object_component>
      <object_component id="oc-a8">
         <name>.text</name>
         <load_address>0x48fc</load_address>
         <run_address>0x48fc</run_address>
         <size>0xd80</size>
         <input_file_ref idref="fl-1c"/>
      </object_component>
      <object_component id="oc-f1">
         <name>.text</name>
         <load_address>0x567c</load_address>
         <run_address>0x567c</run_address>
         <size>0x954</size>
         <input_file_ref idref="fl-6"/>
      </object_component>
      <object_component id="oc-16a">
         <name>.text</name>
         <load_address>0x5fd0</load_address>
         <run_address>0x5fd0</run_address>
         <size>0x854</size>
         <input_file_ref idref="fl-12"/>
      </object_component>
      <object_component id="oc-1a2">
         <name>.text</name>
         <load_address>0x6824</load_address>
         <run_address>0x6824</run_address>
         <size>0x838</size>
         <input_file_ref idref="fl-24"/>
      </object_component>
      <object_component id="oc-2dd">
         <name>.text</name>
         <load_address>0x705c</load_address>
         <run_address>0x705c</run_address>
         <size>0x508</size>
         <input_file_ref idref="fl-29"/>
      </object_component>
      <object_component id="oc-196">
         <name>.text</name>
         <load_address>0x7564</load_address>
         <run_address>0x7564</run_address>
         <size>0x480</size>
         <input_file_ref idref="fl-20"/>
      </object_component>
      <object_component id="oc-33">
         <name>.text</name>
         <load_address>0x79e4</load_address>
         <run_address>0x79e4</run_address>
         <size>0x480</size>
         <input_file_ref idref="fl-13"/>
      </object_component>
      <object_component id="oc-188">
         <name>.text</name>
         <load_address>0x7e64</load_address>
         <run_address>0x7e64</run_address>
         <size>0x434</size>
         <input_file_ref idref="fl-4"/>
      </object_component>
      <object_component id="oc-c5">
         <name>.text</name>
         <load_address>0x8298</load_address>
         <run_address>0x8298</run_address>
         <size>0x41c</size>
         <input_file_ref idref="fl-2f"/>
      </object_component>
      <object_component id="oc-cb">
         <name>.text</name>
         <load_address>0x86b4</load_address>
         <run_address>0x86b4</run_address>
         <size>0x3f0</size>
         <input_file_ref idref="fl-22"/>
      </object_component>
      <object_component id="oc-85">
         <name>.text</name>
         <load_address>0x8aa4</load_address>
         <run_address>0x8aa4</run_address>
         <size>0x328</size>
         <input_file_ref idref="fl-5"/>
      </object_component>
      <object_component id="oc-140">
         <name>.text</name>
         <load_address>0x8dcc</load_address>
         <run_address>0x8dcc</run_address>
         <size>0x244</size>
         <input_file_ref idref="fl-2b"/>
      </object_component>
      <object_component id="oc-39">
         <name>.text</name>
         <load_address>0x9010</load_address>
         <run_address>0x9010</run_address>
         <size>0x1f0</size>
         <input_file_ref idref="fl-a"/>
      </object_component>
      <object_component id="oc-eb">
         <name>.text</name>
         <load_address>0x9200</load_address>
         <run_address>0x9200</run_address>
         <size>0x194</size>
         <input_file_ref idref="fl-2d"/>
      </object_component>
      <object_component id="oc-a2">
         <name>.text</name>
         <load_address>0x9394</load_address>
         <run_address>0x9394</run_address>
         <size>0x180</size>
         <input_file_ref idref="fl-b"/>
      </object_component>
      <object_component id="oc-158">
         <name>.text</name>
         <load_address>0x9514</load_address>
         <run_address>0x9514</run_address>
         <size>0x12a</size>
         <input_file_ref idref="fl-e"/>
      </object_component>
      <object_component id="oc-360">
         <name>.text</name>
         <load_address>0x963e</load_address>
         <run_address>0x963e</run_address>
         <size>0x2</size>
         <input_file_ref idref="fl-f3"/>
      </object_component>
      <object_component id="oc-2e">
         <name>.text</name>
         <load_address>0x9640</load_address>
         <run_address>0x9640</run_address>
         <size>0xda</size>
         <input_file_ref idref="fl-14"/>
      </object_component>
      <object_component id="oc-152">
         <name>.text</name>
         <load_address>0x971c</load_address>
         <run_address>0x971c</run_address>
         <size>0xd8</size>
         <input_file_ref idref="fl-16"/>
      </object_component>
      <object_component id="oc-8b">
         <name>.text</name>
         <load_address>0x97f4</load_address>
         <run_address>0x97f4</run_address>
         <size>0xd8</size>
         <input_file_ref idref="fl-30"/>
      </object_component>
      <object_component id="oc-3f">
         <name>.text</name>
         <load_address>0x98cc</load_address>
         <run_address>0x98cc</run_address>
         <size>0xc4</size>
         <input_file_ref idref="fl-7"/>
      </object_component>
      <object_component id="oc-22c">
         <name>.text</name>
         <load_address>0x9990</load_address>
         <run_address>0x9990</run_address>
         <size>0xc0</size>
         <input_file_ref idref="fl-1f"/>
      </object_component>
      <object_component id="oc-53">
         <name>.text</name>
         <load_address>0x9a50</load_address>
         <run_address>0x9a50</run_address>
         <size>0x9c</size>
         <input_file_ref idref="fl-ec"/>
      </object_component>
      <object_component id="oc-11e">
         <name>.text</name>
         <load_address>0x9aec</load_address>
         <run_address>0x9aec</run_address>
         <size>0x7a</size>
         <input_file_ref idref="fl-eb"/>
      </object_component>
      <object_component id="oc-16">
         <name>.text:decompress:lzss:__TI_decompress_lzss</name>
         <load_address>0x9b66</load_address>
         <run_address>0x9b66</run_address>
         <size>0x68</size>
         <input_file_ref idref="fl-ef"/>
      </object_component>
      <object_component id="oc-12a">
         <name>.text</name>
         <load_address>0x9bce</load_address>
         <run_address>0x9bce</run_address>
         <size>0x68</size>
         <input_file_ref idref="fl-2"/>
      </object_component>
      <object_component id="oc-244">
         <name>.text:__TI_auto_init_nobinit_nopinit:__TI_auto_init_nobinit_nopinit</name>
         <load_address>0x9c38</load_address>
         <run_address>0x9c38</run_address>
         <size>0x44</size>
         <input_file_ref idref="fl-f4"/>
      </object_component>
      <object_component id="oc-2c3">
         <name>.text</name>
         <load_address>0x9c7c</load_address>
         <run_address>0x9c7c</run_address>
         <size>0x40</size>
         <input_file_ref idref="fl-ea"/>
      </object_component>
      <object_component id="oc-1d7">
         <name>.text</name>
         <load_address>0x9cbc</load_address>
         <run_address>0x9cbc</run_address>
         <size>0x3e</size>
         <input_file_ref idref="fl-1a"/>
      </object_component>
      <object_component id="oc-71">
         <name>.text:_c_int00_noargs:_c_int00_noargs</name>
         <load_address>0x9cfc</load_address>
         <run_address>0x9cfc</run_address>
         <size>0x34</size>
         <input_file_ref idref="fl-f2"/>
      </object_component>
      <object_component id="oc-28">
         <name>.text</name>
         <load_address>0x9d30</load_address>
         <run_address>0x9d30</run_address>
         <size>0x16</size>
         <input_file_ref idref="fl-3"/>
      </object_component>
      <object_component id="oc-17c">
         <name>.text:strcpy</name>
         <load_address>0x9d46</load_address>
         <run_address>0x9d46</run_address>
         <size>0x14</size>
         <input_file_ref idref="fl-f0"/>
      </object_component>
      <object_component id="oc-182">
         <name>.text:strlen</name>
         <load_address>0x9d5a</load_address>
         <run_address>0x9d5a</run_address>
         <size>0x14</size>
         <input_file_ref idref="fl-f1"/>
      </object_component>
      <object_component id="oc-1c">
         <name>.text:decompress:none:__TI_decompress_none</name>
         <load_address>0x9d6e</load_address>
         <run_address>0x9d6e</run_address>
         <size>0xe</size>
         <input_file_ref idref="fl-ee"/>
      </object_component>
      <object_component id="oc-65">
         <name>.text:decompress:ZI:__TI_zero_init</name>
         <load_address>0x9d7c</load_address>
         <run_address>0x9d7c</run_address>
         <size>0xc</size>
         <input_file_ref idref="fl-ed"/>
      </object_component>
      <object_component id="oc-124">
         <name>.text:_system_pre_init</name>
         <load_address>0x9d88</load_address>
         <run_address>0x9d88</run_address>
         <size>0x4</size>
         <input_file_ref idref="fl-f5"/>
      </object_component>
      <object_component id="oc-238">
         <name>.text:abort:abort</name>
         <load_address>0x9d8c</load_address>
         <run_address>0x9d8c</run_address>
         <size>0x4</size>
         <input_file_ref idref="fl-f7"/>
      </object_component>
      <object_component id="oc-1e3">
         <name>.const:g_pulRegs</name>
         <load_address>0x9d90</load_address>
         <run_address>0x9d90</run_address>
         <size>0x50</size>
         <input_file_ref idref="fl-22"/>
      </object_component>
      <object_component id="oc-d4">
         <name>.const:xUARTConfig</name>
         <load_address>0x9de0</load_address>
         <run_address>0x9de0</run_address>
         <size>0x24</size>
         <input_file_ref idref="fl-a"/>
      </object_component>
      <object_component id="oc-1e0">
         <name>.const:g_pulPriority</name>
         <load_address>0x9e04</load_address>
         <run_address>0x9e04</run_address>
         <size>0x20</size>
         <input_file_ref idref="fl-22"/>
      </object_component>
      <object_component id="oc-2d3">
         <name>.const:GPIO_PORT_TO_INT</name>
         <load_address>0x9e24</load_address>
         <run_address>0x9e24</run_address>
         <size>0x1c</size>
         <input_file_ref idref="fl-20"/>
      </object_component>
      <object_component id="oc-1e9">
         <name>.const:g_pulDisRegs</name>
         <load_address>0x9e40</load_address>
         <run_address>0x9e40</run_address>
         <size>0x8</size>
         <input_file_ref idref="fl-22"/>
      </object_component>
      <object_component id="oc-1e6">
         <name>.const:g_pulEnRegs</name>
         <load_address>0x9e48</load_address>
         <run_address>0x9e48</run_address>
         <size>0x8</size>
         <input_file_ref idref="fl-22"/>
      </object_component>
      <object_component id="oc-1ec">
         <name>.const:g_pulPendRegs</name>
         <load_address>0x9e50</load_address>
         <run_address>0x9e50</run_address>
         <size>0x8</size>
         <input_file_ref idref="fl-22"/>
      </object_component>
      <object_component id="oc-1ef">
         <name>.const:g_pulUnpendRegs</name>
         <load_address>0x9e58</load_address>
         <run_address>0x9e58</run_address>
         <size>0x8</size>
         <input_file_ref idref="fl-22"/>
      </object_component>
      <object_component id="oc-95">
         <name>.const</name>
         <load_address>0x9e60</load_address>
         <run_address>0x9e60</run_address>
         <size>0x8</size>
         <input_file_ref idref="fl-13"/>
      </object_component>
      <object_component id="oc-d7">
         <name>.const</name>
         <load_address>0x9e68</load_address>
         <run_address>0x9e68</run_address>
         <size>0x4</size>
         <input_file_ref idref="fl-a"/>
      </object_component>
      <object_component id="oc-173">
         <name>.const</name>
         <load_address>0x9e6c</load_address>
         <run_address>0x9e6c</run_address>
         <size>0x4</size>
         <input_file_ref idref="fl-11"/>
      </object_component>
      <object_component id="oc-3e8">
         <name>.cinit..data.load</name>
         <load_address>0x9e70</load_address>
         <run_address>0x9e70</run_address>
         <size>0x79</size>
      </object_component>
      <object_component id="oc-3e5">
         <name>__TI_handler_table</name>
         <load_address>0x9eec</load_address>
         <run_address>0x9eec</run_address>
         <size>0xc</size>
      </object_component>
      <object_component id="oc-3e9">
         <name>.cinit..bss.load</name>
         <load_address>0x9ef8</load_address>
         <run_address>0x9ef8</run_address>
         <size>0x8</size>
      </object_component>
      <object_component id="oc-3e7">
         <name>.cinit..vtable.load</name>
         <load_address>0x9f00</load_address>
         <run_address>0x9f00</run_address>
         <size>0x8</size>
      </object_component>
      <object_component id="oc-3e6">
         <name>__TI_cinit_table</name>
         <load_address>0x9f08</load_address>
         <run_address>0x9f08</run_address>
         <size>0x18</size>
      </object_component>
      <object_component id="oc-1dd">
         <name>.vtable</name>
         <uninitialized>true</uninitialized>
         <run_address>0x20000000</run_address>
         <size>0xe4</size>
         <input_file_ref idref="fl-22"/>
      </object_component>
      <object_component id="oc-13c">
         <name>.data</name>
         <load_address>0x2000ccb8</load_address>
         <run_address>0x2000ccb8</run_address>
         <size>0x4</size>
         <input_file_ref idref="fl-5"/>
      </object_component>
      <object_component id="oc-218">
         <name>.data</name>
         <load_address>0x2000cbd4</load_address>
         <run_address>0x2000cbd4</run_address>
         <size>0x3c</size>
         <input_file_ref idref="fl-6"/>
      </object_component>
      <object_component id="oc-215">
         <name>.data:ucNormallyEmptyReceivedValues</name>
         <load_address>0x2000ca04</load_address>
         <run_address>0x2000ca04</run_address>
         <size>0xc8</size>
         <input_file_ref idref="fl-6"/>
      </object_component>
      <object_component id="oc-212">
         <name>.data:ucNormallyFullReceivedValues</name>
         <load_address>0x2000cacc</load_address>
         <run_address>0x2000cacc</run_address>
         <size>0xc8</size>
         <input_file_ref idref="fl-6"/>
      </object_component>
      <object_component id="oc-d1">
         <name>.data</name>
         <load_address>0x2000cc8c</load_address>
         <run_address>0x2000cc8c</run_address>
         <size>0x10</size>
         <input_file_ref idref="fl-a"/>
      </object_component>
      <object_component id="oc-1a8">
         <name>.data</name>
         <load_address>0x2000ccb0</load_address>
         <run_address>0x2000ccb0</run_address>
         <size>0x8</size>
         <input_file_ref idref="fl-b"/>
      </object_component>
      <object_component id="oc-92">
         <name>.data</name>
         <load_address>0x2000cc10</load_address>
         <run_address>0x2000cc10</run_address>
         <size>0x34</size>
         <input_file_ref idref="fl-11"/>
      </object_component>
      <object_component id="oc-29f">
         <name>.data</name>
         <load_address>0x2000cc9c</load_address>
         <run_address>0x2000cc9c</run_address>
         <size>0xc</size>
         <input_file_ref idref="fl-12"/>
      </object_component>
      <object_component id="oc-9f">
         <name>.data</name>
         <load_address>0x2000cc74</load_address>
         <run_address>0x2000cc74</run_address>
         <size>0x18</size>
         <input_file_ref idref="fl-13"/>
      </object_component>
      <object_component id="oc-28d">
         <name>.data</name>
         <load_address>0x2000cca8</load_address>
         <run_address>0x2000cca8</run_address>
         <size>0x8</size>
         <input_file_ref idref="fl-16"/>
      </object_component>
      <object_component id="oc-2d8">
         <name>.data:__getBurstProgramRegs</name>
         <load_address>0x2000cb94</load_address>
         <run_address>0x2000cb94</run_address>
         <size>0x40</size>
         <input_file_ref idref="fl-1e"/>
      </object_component>
      <object_component id="oc-2d0">
         <name>.data:GPIO_PORT_TO_BASE</name>
         <load_address>0x2000cc44</load_address>
         <run_address>0x2000cc44</run_address>
         <size>0x30</size>
         <input_file_ref idref="fl-20"/>
      </object_component>
      <object_component id="oc-20f">
         <name>.bss</name>
         <uninitialized>true</uninitialized>
         <run_address>0x2000c9d4</run_address>
         <size>0x8</size>
         <input_file_ref idref="fl-6"/>
      </object_component>
      <object_component id="oc-15e">
         <name>.bss:pxReadyTasksLists</name>
         <uninitialized>true</uninitialized>
         <run_address>0x2000c8e4</run_address>
         <size>0x64</size>
         <input_file_ref idref="fl-11"/>
      </object_component>
      <object_component id="oc-176">
         <name>.bss:xDelayedTaskList1</name>
         <uninitialized>true</uninitialized>
         <run_address>0x2000c970</run_address>
         <size>0x14</size>
         <input_file_ref idref="fl-11"/>
      </object_component>
      <object_component id="oc-179">
         <name>.bss:xDelayedTaskList2</name>
         <uninitialized>true</uninitialized>
         <run_address>0x2000c984</run_address>
         <size>0x14</size>
         <input_file_ref idref="fl-11"/>
      </object_component>
      <object_component id="oc-164">
         <name>.bss</name>
         <uninitialized>true</uninitialized>
         <run_address>0x2000c9e4</run_address>
         <size>0x8</size>
         <input_file_ref idref="fl-11"/>
      </object_component>
      <object_component id="oc-170">
         <name>.bss:xPendingReadyList</name>
         <uninitialized>true</uninitialized>
         <run_address>0x2000c998</run_address>
         <size>0x14</size>
         <input_file_ref idref="fl-11"/>
      </object_component>
      <object_component id="oc-161">
         <name>.bss:xTasksWaitingTermination</name>
         <uninitialized>true</uninitialized>
         <run_address>0x2000c9c0</run_address>
         <size>0x14</size>
         <input_file_ref idref="fl-11"/>
      </object_component>
      <object_component id="oc-167">
         <name>.bss:xSuspendedTaskList</name>
         <uninitialized>true</uninitialized>
         <run_address>0x2000c9ac</run_address>
         <size>0x14</size>
         <input_file_ref idref="fl-11"/>
      </object_component>
      <object_component id="oc-2a5">
         <name>.bss:xActiveTimerList1</name>
         <uninitialized>true</uninitialized>
         <run_address>0x2000c948</run_address>
         <size>0x14</size>
         <input_file_ref idref="fl-12"/>
      </object_component>
      <object_component id="oc-2a8">
         <name>.bss:xActiveTimerList2</name>
         <uninitialized>true</uninitialized>
         <run_address>0x2000c95c</run_address>
         <size>0x14</size>
         <input_file_ref idref="fl-12"/>
      </object_component>
      <object_component id="oc-2a2">
         <name>.bss</name>
         <uninitialized>true</uninitialized>
         <run_address>0x2000c9ec</run_address>
         <size>0x8</size>
         <input_file_ref idref="fl-12"/>
      </object_component>
      <object_component id="oc-290">
         <name>.bss:ucHeap</name>
         <uninitialized>true</uninitialized>
         <run_address>0x200000e4</run_address>
         <size>0xc800</size>
         <input_file_ref idref="fl-16"/>
      </object_component>
      <object_component id="oc-1ad">
         <name>.bss</name>
         <uninitialized>true</uninitialized>
         <run_address>0x2000c9dc</run_address>
         <size>0x8</size>
         <input_file_ref idref="fl-1c"/>
      </object_component>
      <object_component id="oc-20d">
         <name>.common:xHighPriorityNormallyEmptyTask1</name>
         <uninitialized>true</uninitialized>
         <run_address>0x2000c9f4</run_address>
         <size>0x4</size>
      </object_component>
      <object_component id="oc-209">
         <name>.common:xHighPriorityNormallyEmptyTask2</name>
         <uninitialized>true</uninitialized>
         <run_address>0x2000c9f8</run_address>
         <size>0x4</size>
      </object_component>
      <object_component id="oc-20c">
         <name>.common:xHighPriorityNormallyFullTask1</name>
         <uninitialized>true</uninitialized>
         <run_address>0x2000c9fc</run_address>
         <size>0x4</size>
      </object_component>
      <object_component id="oc-20e">
         <name>.common:xHighPriorityNormallyFullTask2</name>
         <uninitialized>true</uninitialized>
         <run_address>0x2000ca00</run_address>
         <size>0x4</size>
      </object_component>
      <object_component id="oc-25">
         <name>.stack</name>
         <uninitialized>true</uninitialized>
         <run_address>0x2000fe00</run_address>
         <size>0x4</size>
         <input_file_ref idref="fl-f2"/>
      </object_component>
      <object_component id="oc-3eb">
         <name>.stack</name>
         <uninitialized>true</uninitialized>
         <run_address>0x2000fe00</run_address>
         <size>0x0</size>
      </object_component>
      <object_component id="oc-1c8">
         <name>.debug_info</name>
         <load_address>0x0</load_address>
         <run_address>0x0</run_address>
         <size>0x7e4</size>
         <input_file_ref idref="fl-2"/>
      </object_component>
      <object_component id="oc-12b">
         <name>.debug_info</name>
         <load_address>0x7e4</load_address>
         <run_address>0x7e4</run_address>
         <size>0x41a</size>
         <input_file_ref idref="fl-2"/>
      </object_component>
      <object_component id="oc-1b9">
         <name>.debug_info</name>
         <load_address>0xbfe</load_address>
         <run_address>0xbfe</run_address>
         <size>0x315</size>
         <input_file_ref idref="fl-2"/>
      </object_component>
      <object_component id="oc-104">
         <name>.debug_info</name>
         <load_address>0xf13</load_address>
         <run_address>0xf13</run_address>
         <size>0x26b</size>
         <input_file_ref idref="fl-2"/>
      </object_component>
      <object_component id="oc-ff">
         <name>.debug_info</name>
         <load_address>0x117e</load_address>
         <run_address>0x117e</run_address>
         <size>0x1055</size>
         <input_file_ref idref="fl-2"/>
      </object_component>
      <object_component id="oc-fa">
         <name>.debug_info</name>
         <load_address>0x21d3</load_address>
         <run_address>0x21d3</run_address>
         <size>0x37e2</size>
         <input_file_ref idref="fl-2"/>
      </object_component>
      <object_component id="oc-2f2">
         <name>.debug_info</name>
         <load_address>0x59b5</load_address>
         <run_address>0x59b5</run_address>
         <size>0x1b5</size>
         <input_file_ref idref="fl-2"/>
      </object_component>
      <object_component id="oc-2e9">
         <name>.debug_info</name>
         <load_address>0x5b6a</load_address>
         <run_address>0x5b6a</run_address>
         <size>0x461</size>
         <input_file_ref idref="fl-2"/>
      </object_component>
      <object_component id="oc-380">
         <name>.debug_info</name>
         <load_address>0x5fcb</load_address>
         <run_address>0x5fcb</run_address>
         <size>0xc6</size>
         <input_file_ref idref="fl-2"/>
      </object_component>
      <object_component id="oc-e0">
         <name>.debug_info</name>
         <load_address>0x6091</load_address>
         <run_address>0x6091</run_address>
         <size>0x8b</size>
         <input_file_ref idref="fl-2"/>
      </object_component>
      <object_component id="oc-b0">
         <name>.debug_info</name>
         <load_address>0x611c</load_address>
         <run_address>0x611c</run_address>
         <size>0x2c</size>
         <input_file_ref idref="fl-2"/>
      </object_component>
      <object_component id="oc-1c9">
         <name>.debug_info</name>
         <load_address>0x6148</load_address>
         <run_address>0x6148</run_address>
         <size>0x2a4</size>
         <input_file_ref idref="fl-2"/>
      </object_component>
      <object_component id="oc-e6">
         <name>.debug_info</name>
         <load_address>0x63ec</load_address>
         <run_address>0x63ec</run_address>
         <size>0xef</size>
         <input_file_ref idref="fl-2"/>
      </object_component>
      <object_component id="oc-ba">
         <name>.debug_info</name>
         <load_address>0x64db</load_address>
         <run_address>0x64db</run_address>
         <size>0xbb</size>
         <input_file_ref idref="fl-2"/>
      </object_component>
      <object_component id="oc-b5">
         <name>.debug_info</name>
         <load_address>0x6596</load_address>
         <run_address>0x6596</run_address>
         <size>0x53</size>
         <input_file_ref idref="fl-2"/>
      </object_component>
      <object_component id="oc-233">
         <name>.debug_info</name>
         <load_address>0x65e9</load_address>
         <run_address>0x65e9</run_address>
         <size>0xcc</size>
         <input_file_ref idref="fl-2"/>
      </object_component>
      <object_component id="oc-2ca">
         <name>.debug_info</name>
         <load_address>0x66b5</load_address>
         <run_address>0x66b5</run_address>
         <size>0x2c</size>
         <input_file_ref idref="fl-2"/>
      </object_component>
      <object_component id="oc-202">
         <name>.debug_info</name>
         <load_address>0x66e1</load_address>
         <run_address>0x66e1</run_address>
         <size>0xee</size>
         <input_file_ref idref="fl-2"/>
      </object_component>
      <object_component id="oc-1be">
         <name>.debug_info</name>
         <load_address>0x67cf</load_address>
         <run_address>0x67cf</run_address>
         <size>0x14c</size>
         <input_file_ref idref="fl-2"/>
      </object_component>
      <object_component id="oc-47">
         <name>.debug_info</name>
         <load_address>0x691b</load_address>
         <run_address>0x691b</run_address>
         <size>0x6b4</size>
         <input_file_ref idref="fl-3"/>
      </object_component>
      <object_component id="oc-14">
         <name>.debug_info</name>
         <load_address>0x6fcf</load_address>
         <run_address>0x6fcf</run_address>
         <size>0xf8</size>
         <input_file_ref idref="fl-3"/>
      </object_component>
      <object_component id="oc-29">
         <name>.debug_info</name>
         <load_address>0x70c7</load_address>
         <run_address>0x70c7</run_address>
         <size>0x24d</size>
         <input_file_ref idref="fl-3"/>
      </object_component>
      <object_component id="oc-4e">
         <name>.debug_info</name>
         <load_address>0x7314</load_address>
         <run_address>0x7314</run_address>
         <size>0x84</size>
         <input_file_ref idref="fl-3"/>
      </object_component>
      <object_component id="oc-2c9">
         <name>.debug_info</name>
         <load_address>0x7398</load_address>
         <run_address>0x7398</run_address>
         <size>0x2a1</size>
         <input_file_ref idref="fl-4"/>
      </object_component>
      <object_component id="oc-189">
         <name>.debug_info</name>
         <load_address>0x7639</load_address>
         <run_address>0x7639</run_address>
         <size>0x94a</size>
         <input_file_ref idref="fl-4"/>
      </object_component>
      <object_component id="oc-13d">
         <name>.debug_info</name>
         <load_address>0x7f83</load_address>
         <run_address>0x7f83</run_address>
         <size>0xf6</size>
         <input_file_ref idref="fl-5"/>
      </object_component>
      <object_component id="oc-86">
         <name>.debug_info</name>
         <load_address>0x8079</load_address>
         <run_address>0x8079</run_address>
         <size>0x268</size>
         <input_file_ref idref="fl-5"/>
      </object_component>
      <object_component id="oc-20a">
         <name>.debug_info</name>
         <load_address>0x82e1</load_address>
         <run_address>0x82e1</run_address>
         <size>0xb8a</size>
         <input_file_ref idref="fl-6"/>
      </object_component>
      <object_component id="oc-210">
         <name>.debug_info</name>
         <load_address>0x8e6b</load_address>
         <run_address>0x8e6b</run_address>
         <size>0x131</size>
         <input_file_ref idref="fl-6"/>
      </object_component>
      <object_component id="oc-219">
         <name>.debug_info</name>
         <load_address>0x8f9c</load_address>
         <run_address>0x8f9c</run_address>
         <size>0x2a7</size>
         <input_file_ref idref="fl-6"/>
      </object_component>
      <object_component id="oc-216">
         <name>.debug_info</name>
         <load_address>0x9243</load_address>
         <run_address>0x9243</run_address>
         <size>0x111</size>
         <input_file_ref idref="fl-6"/>
      </object_component>
      <object_component id="oc-213">
         <name>.debug_info</name>
         <load_address>0x9354</load_address>
         <run_address>0x9354</run_address>
         <size>0x10f</size>
         <input_file_ref idref="fl-6"/>
      </object_component>
      <object_component id="oc-f2">
         <name>.debug_info</name>
         <load_address>0x9463</load_address>
         <run_address>0x9463</run_address>
         <size>0x1960</size>
         <input_file_ref idref="fl-6"/>
      </object_component>
      <object_component id="oc-31a">
         <name>.debug_info</name>
         <load_address>0xadc3</load_address>
         <run_address>0xadc3</run_address>
         <size>0x461</size>
         <input_file_ref idref="fl-6"/>
      </object_component>
      <object_component id="oc-1f6">
         <name>.debug_info</name>
         <load_address>0xb224</load_address>
         <run_address>0xb224</run_address>
         <size>0x4f</size>
         <input_file_ref idref="fl-6"/>
      </object_component>
      <object_component id="oc-223">
         <name>.debug_info</name>
         <load_address>0xb273</load_address>
         <run_address>0xb273</run_address>
         <size>0x2c</size>
         <input_file_ref idref="fl-6"/>
      </object_component>
      <object_component id="oc-2f7">
         <name>.debug_info</name>
         <load_address>0xb29f</load_address>
         <run_address>0xb29f</run_address>
         <size>0x849</size>
         <input_file_ref idref="fl-7"/>
      </object_component>
      <object_component id="oc-40">
         <name>.debug_info</name>
         <load_address>0xbae8</load_address>
         <run_address>0xbae8</run_address>
         <size>0x432</size>
         <input_file_ref idref="fl-7"/>
      </object_component>
      <object_component id="oc-1c3">
         <name>.debug_info</name>
         <load_address>0xbf1a</load_address>
         <run_address>0xbf1a</run_address>
         <size>0x461</size>
         <input_file_ref idref="fl-7"/>
      </object_component>
      <object_component id="oc-1b4">
         <name>.debug_info</name>
         <load_address>0xc37b</load_address>
         <run_address>0xc37b</run_address>
         <size>0x53</size>
         <input_file_ref idref="fl-7"/>
      </object_component>
      <object_component id="oc-1ff">
         <name>.debug_info</name>
         <load_address>0xc3ce</load_address>
         <run_address>0xc3ce</run_address>
         <size>0xf91</size>
         <input_file_ref idref="fl-9"/>
      </object_component>
      <object_component id="oc-db">
         <name>.debug_info</name>
         <load_address>0xd35f</load_address>
         <run_address>0xd35f</run_address>
         <size>0x1e3</size>
         <input_file_ref idref="fl-9"/>
      </object_component>
      <object_component id="oc-27e">
         <name>.debug_info</name>
         <load_address>0xd542</load_address>
         <run_address>0xd542</run_address>
         <size>0x4f</size>
         <input_file_ref idref="fl-9"/>
      </object_component>
      <object_component id="oc-e5">
         <name>.debug_info</name>
         <load_address>0xd591</load_address>
         <run_address>0xd591</run_address>
         <size>0xacb</size>
         <input_file_ref idref="fl-a"/>
      </object_component>
      <object_component id="oc-d2">
         <name>.debug_info</name>
         <load_address>0xe05c</load_address>
         <run_address>0xe05c</run_address>
         <size>0x167</size>
         <input_file_ref idref="fl-a"/>
      </object_component>
      <object_component id="oc-d8">
         <name>.debug_info</name>
         <load_address>0xe1c3</load_address>
         <run_address>0xe1c3</run_address>
         <size>0xe5</size>
         <input_file_ref idref="fl-a"/>
      </object_component>
      <object_component id="oc-d5">
         <name>.debug_info</name>
         <load_address>0xe2a8</load_address>
         <run_address>0xe2a8</run_address>
         <size>0xec</size>
         <input_file_ref idref="fl-a"/>
      </object_component>
      <object_component id="oc-3a">
         <name>.debug_info</name>
         <load_address>0xe394</load_address>
         <run_address>0xe394</run_address>
         <size>0x916</size>
         <input_file_ref idref="fl-a"/>
      </object_component>
      <object_component id="oc-1ac">
         <name>.debug_info</name>
         <load_address>0xecaa</load_address>
         <run_address>0xecaa</run_address>
         <size>0xab7</size>
         <input_file_ref idref="fl-b"/>
      </object_component>
      <object_component id="oc-1a9">
         <name>.debug_info</name>
         <load_address>0xf761</load_address>
         <run_address>0xf761</run_address>
         <size>0xed</size>
         <input_file_ref idref="fl-b"/>
      </object_component>
      <object_component id="oc-a3">
         <name>.debug_info</name>
         <load_address>0xf84e</load_address>
         <run_address>0xf84e</run_address>
         <size>0x8f3</size>
         <input_file_ref idref="fl-b"/>
      </object_component>
      <object_component id="oc-2cf">
         <name>.debug_info</name>
         <load_address>0x10141</load_address>
         <run_address>0x10141</run_address>
         <size>0x9b7</size>
         <input_file_ref idref="fl-d"/>
      </object_component>
      <object_component id="oc-18f">
         <name>.debug_info</name>
         <load_address>0x10af8</load_address>
         <run_address>0x10af8</run_address>
         <size>0x110</size>
         <input_file_ref idref="fl-d"/>
      </object_component>
      <object_component id="oc-288">
         <name>.debug_info</name>
         <load_address>0x10c08</load_address>
         <run_address>0x10c08</run_address>
         <size>0x461</size>
         <input_file_ref idref="fl-d"/>
      </object_component>
      <object_component id="oc-36a">
         <name>.debug_info</name>
         <load_address>0x11069</load_address>
         <run_address>0x11069</run_address>
         <size>0x76</size>
         <input_file_ref idref="fl-d"/>
      </object_component>
      <object_component id="oc-36f">
         <name>.debug_info</name>
         <load_address>0x110df</load_address>
         <run_address>0x110df</run_address>
         <size>0x39</size>
         <input_file_ref idref="fl-d"/>
      </object_component>
      <object_component id="oc-296">
         <name>.debug_info</name>
         <load_address>0x11118</load_address>
         <run_address>0x11118</run_address>
         <size>0x64f</size>
         <input_file_ref idref="fl-e"/>
      </object_component>
      <object_component id="oc-159">
         <name>.debug_info</name>
         <load_address>0x11767</load_address>
         <run_address>0x11767</run_address>
         <size>0x49c</size>
         <input_file_ref idref="fl-e"/>
      </object_component>
      <object_component id="oc-1d4">
         <name>.debug_info</name>
         <load_address>0x11c03</load_address>
         <run_address>0x11c03</run_address>
         <size>0xbb5</size>
         <input_file_ref idref="fl-f"/>
      </object_component>
      <object_component id="oc-c0">
         <name>.debug_info</name>
         <load_address>0x127b8</load_address>
         <run_address>0x127b8</run_address>
         <size>0x3498</size>
         <input_file_ref idref="fl-f"/>
      </object_component>
      <object_component id="oc-2fc">
         <name>.debug_info</name>
         <load_address>0x15c50</load_address>
         <run_address>0x15c50</run_address>
         <size>0x1ef</size>
         <input_file_ref idref="fl-f"/>
      </object_component>
      <object_component id="oc-1cf">
         <name>.debug_info</name>
         <load_address>0x15e3f</load_address>
         <run_address>0x15e3f</run_address>
         <size>0x46</size>
         <input_file_ref idref="fl-f"/>
      </object_component>
      <object_component id="oc-14a">
         <name>.debug_info</name>
         <load_address>0x15e85</load_address>
         <run_address>0x15e85</run_address>
         <size>0xc3f</size>
         <input_file_ref idref="fl-11"/>
      </object_component>
      <object_component id="oc-93">
         <name>.debug_info</name>
         <load_address>0x16ac4</load_address>
         <run_address>0x16ac4</run_address>
         <size>0x34b</size>
         <input_file_ref idref="fl-11"/>
      </object_component>
      <object_component id="oc-15f">
         <name>.debug_info</name>
         <load_address>0x16e0f</load_address>
         <run_address>0x16e0f</run_address>
         <size>0xf4</size>
         <input_file_ref idref="fl-11"/>
      </object_component>
      <object_component id="oc-177">
         <name>.debug_info</name>
         <load_address>0x16f03</load_address>
         <run_address>0x16f03</run_address>
         <size>0xf4</size>
         <input_file_ref idref="fl-11"/>
      </object_component>
      <object_component id="oc-17a">
         <name>.debug_info</name>
         <load_address>0x16ff7</load_address>
         <run_address>0x16ff7</run_address>
         <size>0xf4</size>
         <input_file_ref idref="fl-11"/>
      </object_component>
      <object_component id="oc-165">
         <name>.debug_info</name>
         <load_address>0x170eb</load_address>
         <run_address>0x170eb</run_address>
         <size>0x137</size>
         <input_file_ref idref="fl-11"/>
      </object_component>
      <object_component id="oc-171">
         <name>.debug_info</name>
         <load_address>0x17222</load_address>
         <run_address>0x17222</run_address>
         <size>0xf4</size>
         <input_file_ref idref="fl-11"/>
      </object_component>
      <object_component id="oc-162">
         <name>.debug_info</name>
         <load_address>0x17316</load_address>
         <run_address>0x17316</run_address>
         <size>0x102</size>
         <input_file_ref idref="fl-11"/>
      </object_component>
      <object_component id="oc-168">
         <name>.debug_info</name>
         <load_address>0x17418</load_address>
         <run_address>0x17418</run_address>
         <size>0xf6</size>
         <input_file_ref idref="fl-11"/>
      </object_component>
      <object_component id="oc-174">
         <name>.debug_info</name>
         <load_address>0x1750e</load_address>
         <run_address>0x1750e</run_address>
         <size>0xf5</size>
         <input_file_ref idref="fl-11"/>
      </object_component>
      <object_component id="oc-99">
         <name>.debug_info</name>
         <load_address>0x17603</load_address>
         <run_address>0x17603</run_address>
         <size>0x5357</size>
         <input_file_ref idref="fl-11"/>
      </object_component>
      <object_component id="oc-14b">
         <name>.debug_info</name>
         <load_address>0x1c95a</load_address>
         <run_address>0x1c95a</run_address>
         <size>0x30c</size>
         <input_file_ref idref="fl-11"/>
      </object_component>
      <object_component id="oc-283">
         <name>.debug_info</name>
         <load_address>0x1cc66</load_address>
         <run_address>0x1cc66</run_address>
         <size>0x144</size>
         <input_file_ref idref="fl-11"/>
      </object_component>
      <object_component id="oc-2b1">
         <name>.debug_info</name>
         <load_address>0x1cdaa</load_address>
         <run_address>0x1cdaa</run_address>
         <size>0xb00</size>
         <input_file_ref idref="fl-12"/>
      </object_component>
      <object_component id="oc-2a6">
         <name>.debug_info</name>
         <load_address>0x1d8aa</load_address>
         <run_address>0x1d8aa</run_address>
         <size>0xf4</size>
         <input_file_ref idref="fl-12"/>
      </object_component>
      <object_component id="oc-2a9">
         <name>.debug_info</name>
         <load_address>0x1d99e</load_address>
         <run_address>0x1d99e</run_address>
         <size>0xf4</size>
         <input_file_ref idref="fl-12"/>
      </object_component>
      <object_component id="oc-2a3">
         <name>.debug_info</name>
         <load_address>0x1da92</load_address>
         <run_address>0x1da92</run_address>
         <size>0x12c</size>
         <input_file_ref idref="fl-12"/>
      </object_component>
      <object_component id="oc-2a0">
         <name>.debug_info</name>
         <load_address>0x1dbbe</load_address>
         <run_address>0x1dbbe</run_address>
         <size>0x118</size>
         <input_file_ref idref="fl-12"/>
      </object_component>
      <object_component id="oc-16b">
         <name>.debug_info</name>
         <load_address>0x1dcd6</load_address>
         <run_address>0x1dcd6</run_address>
         <size>0x225c</size>
         <input_file_ref idref="fl-12"/>
      </object_component>
      <object_component id="oc-2b2">
         <name>.debug_info</name>
         <load_address>0x1ff32</load_address>
         <run_address>0x1ff32</run_address>
         <size>0x1e2</size>
         <input_file_ref idref="fl-12"/>
      </object_component>
      <object_component id="oc-2ac">
         <name>.debug_info</name>
         <load_address>0x20114</load_address>
         <run_address>0x20114</run_address>
         <size>0x46</size>
         <input_file_ref idref="fl-12"/>
      </object_component>
      <object_component id="oc-af">
         <name>.debug_info</name>
         <load_address>0x2015a</load_address>
         <run_address>0x2015a</run_address>
         <size>0x7f0</size>
         <input_file_ref idref="fl-13"/>
      </object_component>
      <object_component id="oc-96">
         <name>.debug_info</name>
         <load_address>0x2094a</load_address>
         <run_address>0x2094a</run_address>
         <size>0x169</size>
         <input_file_ref idref="fl-13"/>
      </object_component>
      <object_component id="oc-a0">
         <name>.debug_info</name>
         <load_address>0x20ab3</load_address>
         <run_address>0x20ab3</run_address>
         <size>0x244</size>
         <input_file_ref idref="fl-13"/>
      </object_component>
      <object_component id="oc-34">
         <name>.debug_info</name>
         <load_address>0x20cf7</load_address>
         <run_address>0x20cf7</run_address>
         <size>0xb07</size>
         <input_file_ref idref="fl-13"/>
      </object_component>
      <object_component id="oc-2f">
         <name>.debug_info</name>
         <load_address>0x217fe</load_address>
         <run_address>0x217fe</run_address>
         <size>0x256</size>
         <input_file_ref idref="fl-14"/>
      </object_component>
      <object_component id="oc-294">
         <name>.debug_info</name>
         <load_address>0x21a54</load_address>
         <run_address>0x21a54</run_address>
         <size>0x728</size>
         <input_file_ref idref="fl-16"/>
      </object_component>
      <object_component id="oc-291">
         <name>.debug_info</name>
         <load_address>0x2217c</load_address>
         <run_address>0x2217c</run_address>
         <size>0xef</size>
         <input_file_ref idref="fl-16"/>
      </object_component>
      <object_component id="oc-28e">
         <name>.debug_info</name>
         <load_address>0x2226b</load_address>
         <run_address>0x2226b</run_address>
         <size>0xfd</size>
         <input_file_ref idref="fl-16"/>
      </object_component>
      <object_component id="oc-153">
         <name>.debug_info</name>
         <load_address>0x22368</load_address>
         <run_address>0x22368</run_address>
         <size>0x3e8</size>
         <input_file_ref idref="fl-16"/>
      </object_component>
      <object_component id="oc-1d8">
         <name>.debug_info</name>
         <load_address>0x22750</load_address>
         <run_address>0x22750</run_address>
         <size>0x33d</size>
         <input_file_ref idref="fl-1a"/>
      </object_component>
      <object_component id="oc-1b1">
         <name>.debug_info</name>
         <load_address>0x22a8d</load_address>
         <run_address>0x22a8d</run_address>
         <size>0x780</size>
         <input_file_ref idref="fl-1c"/>
      </object_component>
      <object_component id="oc-1ae">
         <name>.debug_info</name>
         <load_address>0x2320d</load_address>
         <run_address>0x2320d</run_address>
         <size>0x101</size>
         <input_file_ref idref="fl-1c"/>
      </object_component>
      <object_component id="oc-a9">
         <name>.debug_info</name>
         <load_address>0x2330e</load_address>
         <run_address>0x2330e</run_address>
         <size>0x1fc3</size>
         <input_file_ref idref="fl-1c"/>
      </object_component>
      <object_component id="oc-2dc">
         <name>.debug_info</name>
         <load_address>0x252d1</load_address>
         <run_address>0x252d1</run_address>
         <size>0x79e</size>
         <input_file_ref idref="fl-1e"/>
      </object_component>
      <object_component id="oc-2d9">
         <name>.debug_info</name>
         <load_address>0x25a6f</load_address>
         <run_address>0x25a6f</run_address>
         <size>0xfe</size>
         <input_file_ref idref="fl-1e"/>
      </object_component>
      <object_component id="oc-19d">
         <name>.debug_info</name>
         <load_address>0x25b6d</load_address>
         <run_address>0x25b6d</run_address>
         <size>0x388c</size>
         <input_file_ref idref="fl-1e"/>
      </object_component>
      <object_component id="oc-22d">
         <name>.debug_info</name>
         <load_address>0x293f9</load_address>
         <run_address>0x293f9</run_address>
         <size>0x519</size>
         <input_file_ref idref="fl-1f"/>
      </object_component>
      <object_component id="oc-2d7">
         <name>.debug_info</name>
         <load_address>0x29912</load_address>
         <run_address>0x29912</run_address>
         <size>0x689</size>
         <input_file_ref idref="fl-20"/>
      </object_component>
      <object_component id="oc-2d4">
         <name>.debug_info</name>
         <load_address>0x29f9b</load_address>
         <run_address>0x29f9b</run_address>
         <size>0xf3</size>
         <input_file_ref idref="fl-20"/>
      </object_component>
      <object_component id="oc-2d1">
         <name>.debug_info</name>
         <load_address>0x2a08e</load_address>
         <run_address>0x2a08e</run_address>
         <size>0xf5</size>
         <input_file_ref idref="fl-20"/>
      </object_component>
      <object_component id="oc-197">
         <name>.debug_info</name>
         <load_address>0x2a183</load_address>
         <run_address>0x2a183</run_address>
         <size>0x183e</size>
         <input_file_ref idref="fl-20"/>
      </object_component>
      <object_component id="oc-1f3">
         <name>.debug_info</name>
         <load_address>0x2b9c1</load_address>
         <run_address>0x2b9c1</run_address>
         <size>0x617</size>
         <input_file_ref idref="fl-22"/>
      </object_component>
      <object_component id="oc-1e1">
         <name>.debug_info</name>
         <load_address>0x2bfd8</load_address>
         <run_address>0x2bfd8</run_address>
         <size>0xf2</size>
         <input_file_ref idref="fl-22"/>
      </object_component>
      <object_component id="oc-1e4">
         <name>.debug_info</name>
         <load_address>0x2c0ca</load_address>
         <run_address>0x2c0ca</run_address>
         <size>0xea</size>
         <input_file_ref idref="fl-22"/>
      </object_component>
      <object_component id="oc-1e7">
         <name>.debug_info</name>
         <load_address>0x2c1b4</load_address>
         <run_address>0x2c1b4</run_address>
         <size>0xee</size>
         <input_file_ref idref="fl-22"/>
      </object_component>
      <object_component id="oc-1ea">
         <name>.debug_info</name>
         <load_address>0x2c2a2</load_address>
         <run_address>0x2c2a2</run_address>
         <size>0xf0</size>
         <input_file_ref idref="fl-22"/>
      </object_component>
      <object_component id="oc-1ed">
         <name>.debug_info</name>
         <load_address>0x2c392</load_address>
         <run_address>0x2c392</run_address>
         <size>0xf2</size>
         <input_file_ref idref="fl-22"/>
      </object_component>
      <object_component id="oc-1f0">
         <name>.debug_info</name>
         <load_address>0x2c484</load_address>
         <run_address>0x2c484</run_address>
         <size>0xf6</size>
         <input_file_ref idref="fl-22"/>
      </object_component>
      <object_component id="oc-1de">
         <name>.debug_info</name>
         <load_address>0x2c57a</load_address>
         <run_address>0x2c57a</run_address>
         <size>0xf7</size>
         <input_file_ref idref="fl-22"/>
      </object_component>
      <object_component id="oc-cc">
         <name>.debug_info</name>
         <load_address>0x2c671</load_address>
         <run_address>0x2c671</run_address>
         <size>0xfe2</size>
         <input_file_ref idref="fl-22"/>
      </object_component>
      <object_component id="oc-2e4">
         <name>.debug_info</name>
         <load_address>0x2d653</load_address>
         <run_address>0x2d653</run_address>
         <size>0x73b</size>
         <input_file_ref idref="fl-24"/>
      </object_component>
      <object_component id="oc-1a3">
         <name>.debug_info</name>
         <load_address>0x2dd8e</load_address>
         <run_address>0x2dd8e</run_address>
         <size>0x20df</size>
         <input_file_ref idref="fl-24"/>
      </object_component>
      <object_component id="oc-37f">
         <name>.debug_info</name>
         <load_address>0x2fe6d</load_address>
         <run_address>0x2fe6d</run_address>
         <size>0x674</size>
         <input_file_ref idref="fl-29"/>
      </object_component>
      <object_component id="oc-2de">
         <name>.debug_info</name>
         <load_address>0x304e1</load_address>
         <run_address>0x304e1</run_address>
         <size>0x129d</size>
         <input_file_ref idref="fl-29"/>
      </object_component>
      <object_component id="oc-279">
         <name>.debug_info</name>
         <load_address>0x3177e</load_address>
         <run_address>0x3177e</run_address>
         <size>0x54f</size>
         <input_file_ref idref="fl-2b"/>
      </object_component>
      <object_component id="oc-141">
         <name>.debug_info</name>
         <load_address>0x31ccd</load_address>
         <run_address>0x31ccd</run_address>
         <size>0xd0d</size>
         <input_file_ref idref="fl-2b"/>
      </object_component>
      <object_component id="oc-208">
         <name>.debug_info</name>
         <load_address>0x329da</load_address>
         <run_address>0x329da</run_address>
         <size>0x66b</size>
         <input_file_ref idref="fl-2d"/>
      </object_component>
      <object_component id="oc-ec">
         <name>.debug_info</name>
         <load_address>0x33045</load_address>
         <run_address>0x33045</run_address>
         <size>0xa72</size>
         <input_file_ref idref="fl-2d"/>
      </object_component>
      <object_component id="oc-1d6">
         <name>.debug_info</name>
         <load_address>0x33ab7</load_address>
         <run_address>0x33ab7</run_address>
         <size>0x673</size>
         <input_file_ref idref="fl-2f"/>
      </object_component>
      <object_component id="oc-c6">
         <name>.debug_info</name>
         <load_address>0x3412a</load_address>
         <run_address>0x3412a</run_address>
         <size>0x1460</size>
         <input_file_ref idref="fl-2f"/>
      </object_component>
      <object_component id="oc-147">
         <name>.debug_info</name>
         <load_address>0x3558a</load_address>
         <run_address>0x3558a</run_address>
         <size>0x717</size>
         <input_file_ref idref="fl-30"/>
      </object_component>
      <object_component id="oc-8c">
         <name>.debug_info</name>
         <load_address>0x35ca1</load_address>
         <run_address>0x35ca1</run_address>
         <size>0x7e3</size>
         <input_file_ref idref="fl-30"/>
      </object_component>
      <object_component id="oc-2c5">
         <name>.debug_info</name>
         <load_address>0x36484</load_address>
         <run_address>0x36484</run_address>
         <size>0x142</size>
         <input_file_ref idref="fl-ea"/>
      </object_component>
      <object_component id="oc-11f">
         <name>.debug_info</name>
         <load_address>0x365c6</load_address>
         <run_address>0x365c6</run_address>
         <size>0x147</size>
         <input_file_ref idref="fl-eb"/>
      </object_component>
      <object_component id="oc-54">
         <name>.debug_info</name>
         <load_address>0x3670d</load_address>
         <run_address>0x3670d</run_address>
         <size>0x119</size>
         <input_file_ref idref="fl-ec"/>
      </object_component>
      <object_component id="oc-11d">
         <name>.debug_info</name>
         <load_address>0x36826</load_address>
         <run_address>0x36826</run_address>
         <size>0x2d4</size>
         <input_file_ref idref="fl-ed"/>
      </object_component>
      <object_component id="oc-66">
         <name>.debug_info</name>
         <load_address>0x36afa</load_address>
         <run_address>0x36afa</run_address>
         <size>0x1b5</size>
         <input_file_ref idref="fl-ed"/>
      </object_component>
      <object_component id="oc-118">
         <name>.debug_info</name>
         <load_address>0x36caf</load_address>
         <run_address>0x36caf</run_address>
         <size>0x46</size>
         <input_file_ref idref="fl-ed"/>
      </object_component>
      <object_component id="oc-5e">
         <name>.debug_info</name>
         <load_address>0x36cf5</load_address>
         <run_address>0x36cf5</run_address>
         <size>0x2a8</size>
         <input_file_ref idref="fl-ee"/>
      </object_component>
      <object_component id="oc-1d">
         <name>.debug_info</name>
         <load_address>0x36f9d</load_address>
         <run_address>0x36f9d</run_address>
         <size>0x1ea</size>
         <input_file_ref idref="fl-ee"/>
      </object_component>
      <object_component id="oc-59">
         <name>.debug_info</name>
         <load_address>0x37187</load_address>
         <run_address>0x37187</run_address>
         <size>0x46</size>
         <input_file_ref idref="fl-ee"/>
      </object_component>
      <object_component id="oc-110">
         <name>.debug_info</name>
         <load_address>0x371cd</load_address>
         <run_address>0x371cd</run_address>
         <size>0x2c</size>
         <input_file_ref idref="fl-ee"/>
      </object_component>
      <object_component id="oc-10e">
         <name>.debug_info</name>
         <load_address>0x371f9</load_address>
         <run_address>0x371f9</run_address>
         <size>0x29e</size>
         <input_file_ref idref="fl-ef"/>
      </object_component>
      <object_component id="oc-17">
         <name>.debug_info</name>
         <load_address>0x37497</load_address>
         <run_address>0x37497</run_address>
         <size>0x250</size>
         <input_file_ref idref="fl-ef"/>
      </object_component>
      <object_component id="oc-49">
         <name>.debug_info</name>
         <load_address>0x376e7</load_address>
         <run_address>0x376e7</run_address>
         <size>0x60</size>
         <input_file_ref idref="fl-ef"/>
      </object_component>
      <object_component id="oc-21c">
         <name>.debug_info</name>
         <load_address>0x37747</load_address>
         <run_address>0x37747</run_address>
         <size>0x46</size>
         <input_file_ref idref="fl-ef"/>
      </object_component>
      <object_component id="oc-109">
         <name>.debug_info</name>
         <load_address>0x3778d</load_address>
         <run_address>0x3778d</run_address>
         <size>0x39</size>
         <input_file_ref idref="fl-ef"/>
      </object_component>
      <object_component id="oc-2c0">
         <name>.debug_info</name>
         <load_address>0x377c6</load_address>
         <run_address>0x377c6</run_address>
         <size>0x2a4</size>
         <input_file_ref idref="fl-f0"/>
      </object_component>
      <object_component id="oc-17d">
         <name>.debug_info</name>
         <load_address>0x37a6a</load_address>
         <run_address>0x37a6a</run_address>
         <size>0x24d</size>
         <input_file_ref idref="fl-f0"/>
      </object_component>
      <object_component id="oc-2c2">
         <name>.debug_info</name>
         <load_address>0x37cb7</load_address>
         <run_address>0x37cb7</run_address>
         <size>0x28f</size>
         <input_file_ref idref="fl-f1"/>
      </object_component>
      <object_component id="oc-183">
         <name>.debug_info</name>
         <load_address>0x37f46</load_address>
         <run_address>0x37f46</run_address>
         <size>0x245</size>
         <input_file_ref idref="fl-f1"/>
      </object_component>
      <object_component id="oc-26">
         <name>.debug_info</name>
         <load_address>0x3818b</load_address>
         <run_address>0x3818b</run_address>
         <size>0x10b</size>
         <input_file_ref idref="fl-f2"/>
      </object_component>
      <object_component id="oc-72">
         <name>.debug_info</name>
         <load_address>0x38296</load_address>
         <run_address>0x38296</run_address>
         <size>0x1a9</size>
         <input_file_ref idref="fl-f2"/>
      </object_component>
      <object_component id="oc-361">
         <name>.debug_info</name>
         <load_address>0x3843f</load_address>
         <run_address>0x3843f</run_address>
         <size>0x115</size>
         <input_file_ref idref="fl-f3"/>
      </object_component>
      <object_component id="oc-333">
         <name>.debug_info</name>
         <load_address>0x38554</load_address>
         <run_address>0x38554</run_address>
         <size>0x4b3</size>
         <input_file_ref idref="fl-f4"/>
      </object_component>
      <object_component id="oc-245">
         <name>.debug_info</name>
         <load_address>0x38a07</load_address>
         <run_address>0x38a07</run_address>
         <size>0x1a6</size>
         <input_file_ref idref="fl-f4"/>
      </object_component>
      <object_component id="oc-399">
         <name>.debug_info</name>
         <load_address>0x38bad</load_address>
         <run_address>0x38bad</run_address>
         <size>0x39</size>
         <input_file_ref idref="fl-f4"/>
      </object_component>
      <object_component id="oc-3b0">
         <name>.debug_info</name>
         <load_address>0x38be6</load_address>
         <run_address>0x38be6</run_address>
         <size>0x39</size>
         <input_file_ref idref="fl-f4"/>
      </object_component>
      <object_component id="oc-39e">
         <name>.debug_info</name>
         <load_address>0x38c1f</load_address>
         <run_address>0x38c1f</run_address>
         <size>0x39</size>
         <input_file_ref idref="fl-f4"/>
      </object_component>
      <object_component id="oc-3a3">
         <name>.debug_info</name>
         <load_address>0x38c58</load_address>
         <run_address>0x38c58</run_address>
         <size>0xcd</size>
         <input_file_ref idref="fl-f4"/>
      </object_component>
      <object_component id="oc-125">
         <name>.debug_info</name>
         <load_address>0x38d25</load_address>
         <run_address>0x38d25</run_address>
         <size>0x153</size>
         <input_file_ref idref="fl-f5"/>
      </object_component>
      <object_component id="oc-239">
         <name>.debug_info</name>
         <load_address>0x38e78</load_address>
         <run_address>0x38e78</run_address>
         <size>0x122</size>
         <input_file_ref idref="fl-f7"/>
      </object_component>
      <object_component id="oc-3ec">
         <name>.debug_info</name>
         <load_address>0x38f9a</load_address>
         <run_address>0x38f9a</run_address>
         <size>0xa9</size>
      </object_component>
      <object_component id="oc-2f9">
         <name>.debug_line</name>
         <load_address>0x0</load_address>
         <run_address>0x0</run_address>
         <size>0x14e</size>
         <input_file_ref idref="fl-2"/>
      </object_component>
      <object_component id="oc-12e">
         <name>.debug_line</name>
         <load_address>0x14e</load_address>
         <run_address>0x14e</run_address>
         <size>0xcd</size>
         <input_file_ref idref="fl-2"/>
      </object_component>
      <object_component id="oc-1bc">
         <name>.debug_line</name>
         <load_address>0x21b</load_address>
         <run_address>0x21b</run_address>
         <size>0x6c</size>
         <input_file_ref idref="fl-2"/>
      </object_component>
      <object_component id="oc-107">
         <name>.debug_line</name>
         <load_address>0x287</load_address>
         <run_address>0x287</run_address>
         <size>0x7e</size>
         <input_file_ref idref="fl-2"/>
      </object_component>
      <object_component id="oc-102">
         <name>.debug_line</name>
         <load_address>0x305</load_address>
         <run_address>0x305</run_address>
         <size>0x6a</size>
         <input_file_ref idref="fl-2"/>
      </object_component>
      <object_component id="oc-fd">
         <name>.debug_line</name>
         <load_address>0x36f</load_address>
         <run_address>0x36f</run_address>
         <size>0x67</size>
         <input_file_ref idref="fl-2"/>
      </object_component>
      <object_component id="oc-2f5">
         <name>.debug_line</name>
         <load_address>0x3d6</load_address>
         <run_address>0x3d6</run_address>
         <size>0x69</size>
         <input_file_ref idref="fl-2"/>
      </object_component>
      <object_component id="oc-2ec">
         <name>.debug_line</name>
         <load_address>0x43f</load_address>
         <run_address>0x43f</run_address>
         <size>0x70</size>
         <input_file_ref idref="fl-2"/>
      </object_component>
      <object_component id="oc-383">
         <name>.debug_line</name>
         <load_address>0x4af</load_address>
         <run_address>0x4af</run_address>
         <size>0x68</size>
         <input_file_ref idref="fl-2"/>
      </object_component>
      <object_component id="oc-e3">
         <name>.debug_line</name>
         <load_address>0x517</load_address>
         <run_address>0x517</run_address>
         <size>0x20</size>
         <input_file_ref idref="fl-2"/>
      </object_component>
      <object_component id="oc-b3">
         <name>.debug_line</name>
         <load_address>0x537</load_address>
         <run_address>0x537</run_address>
         <size>0x70</size>
         <input_file_ref idref="fl-2"/>
      </object_component>
      <object_component id="oc-1cc">
         <name>.debug_line</name>
         <load_address>0x5a7</load_address>
         <run_address>0x5a7</run_address>
         <size>0x82</size>
         <input_file_ref idref="fl-2"/>
      </object_component>
      <object_component id="oc-e9">
         <name>.debug_line</name>
         <load_address>0x629</load_address>
         <run_address>0x629</run_address>
         <size>0x7e</size>
         <input_file_ref idref="fl-2"/>
      </object_component>
      <object_component id="oc-bd">
         <name>.debug_line</name>
         <load_address>0x6a7</load_address>
         <run_address>0x6a7</run_address>
         <size>0x7f</size>
         <input_file_ref idref="fl-2"/>
      </object_component>
      <object_component id="oc-b8">
         <name>.debug_line</name>
         <load_address>0x726</load_address>
         <run_address>0x726</run_address>
         <size>0x7f</size>
         <input_file_ref idref="fl-2"/>
      </object_component>
      <object_component id="oc-236">
         <name>.debug_line</name>
         <load_address>0x7a5</load_address>
         <run_address>0x7a5</run_address>
         <size>0x79</size>
         <input_file_ref idref="fl-2"/>
      </object_component>
      <object_component id="oc-2cd">
         <name>.debug_line</name>
         <load_address>0x81e</load_address>
         <run_address>0x81e</run_address>
         <size>0x7a</size>
         <input_file_ref idref="fl-2"/>
      </object_component>
      <object_component id="oc-205">
         <name>.debug_line</name>
         <load_address>0x898</load_address>
         <run_address>0x898</run_address>
[...]
         <value>0x6b6d</value>
         <object_component_ref idref="oc-1a2"/>
      </symbol>
      <symbol id="sm-d8f">
         <name>PCM_getPowerMode</name>
         <value>0x694d</value>
         <object_component_ref idref="oc-1a2"/>
      </symbol>
      <symbol id="sm-d90">
         <name>PCM_clearInterruptFlag</name>
         <value>0x6fff</value>
         <object_component_ref idref="oc-1a2"/>
      </symbol>
      <symbol id="sm-d91">
         <name>PCM_setPowerModeNonBlocking</name>
         <value>0x6b5d</value>
         <object_component_ref idref="oc-1a2"/>
      </symbol>
      <symbol id="sm-d92">
         <name>PCM_getPowerState</name>
         <value>0x6f8f</value>
         <object_component_ref idref="oc-1a2"/>
      </symbol>
      <symbol id="sm-d93">
         <name>PCM_setCoreVoltageLevelWithTimeout</name>
         <value>0x692b</value>
         <object_component_ref idref="oc-1a2"/>
      </symbol>
      <symbol id="sm-d94">
         <name>PCM_gotoLPM4</name>
         <value>0x6e95</value>
         <object_component_ref idref="oc-1a2"/>
      </symbol>
      <symbol id="sm-d95">
         <name>PCM_gotoLPM3</name>
         <value>0x6efb</value>
         <object_component_ref idref="oc-1a2"/>
      </symbol>
      <symbol id="sm-d96">
         <name>PCM_gotoLPM0</name>
         <value>0x6ec1</value>
         <object_component_ref idref="oc-1a2"/>
      </symbol>
      <symbol id="sm-d97">
         <name>PCM_gotoLPM3InterruptSafe</name>
         <value>0x6f73</value>
         <object_component_ref idref="oc-1a2"/>
      </symbol>
      <symbol id="sm-d98">
         <name>PCM_enableRudeMode</name>
         <value>0x6f9b</value>
         <object_component_ref idref="oc-1a2"/>
      </symbol>
      <symbol id="sm-d99">
         <name>PCM_setPowerMode</name>
         <value>0x6b4d</value>
         <object_component_ref idref="oc-1a2"/>
      </symbol>
      <symbol id="sm-d9a">
         <name>PCM_disableRudeMode</name>
         <value>0x6fad</value>
         <object_component_ref idref="oc-1a2"/>
      </symbol>
      <symbol id="sm-dfe">
         <name>RTC_C_setCalibrationData</name>
         <value>0x70c9</value>
         <object_component_ref idref="oc-2dd"/>
      </symbol>
      <symbol id="sm-dff">
         <name>RTC_C_startClock</name>
         <value>0x705d</value>
         <object_component_ref idref="oc-2dd"/>
      </symbol>
      <symbol id="sm-e00">
         <name>RTC_C_unregisterInterrupt</name>
         <value>0x751d</value>
         <object_component_ref idref="oc-2dd"/>
      </symbol>
      <symbol id="sm-e01">
         <name>RTC_C_getCalendarTime</name>
         <value>0x7191</value>
         <object_component_ref idref="oc-2dd"/>
      </symbol>
      <symbol id="sm-e02">
         <name>RTC_C_setCalendarAlarm</name>
         <value>0x71f7</value>
         <object_component_ref idref="oc-2dd"/>
      </symbol>
      <symbol id="sm-e03">
         <name>RTC_C_getInterruptStatus</name>
         <value>0x73f1</value>
         <object_component_ref idref="oc-2dd"/>
      </symbol>
      <symbol id="sm-e04">
         <name>RTC_C_convertBCDToBinary</name>
         <value>0x7303</value>
         <object_component_ref idref="oc-2dd"/>
      </symbol>
      <symbol id="sm-e05">
         <name>RTC_C_setTemperatureCompensation</name>
         <value>0x70f5</value>
         <object_component_ref idref="oc-2dd"/>
      </symbol>
      <symbol id="sm-e06">
         <name>RTC_C_setPrescaleValue</name>
         <value>0x72b3</value>
         <object_component_ref idref="oc-2dd"/>
      </symbol>
      <symbol id="sm-e07">
         <name>RTC_C_initCalendar</name>
         <value>0x711f</value>
         <object_component_ref idref="oc-2dd"/>
      </symbol>
      <symbol id="sm-e08">
         <name>RTC_C_getPrescaleValue</name>
         <value>0x7287</value>
         <object_component_ref idref="oc-2dd"/>
      </symbol>
      <symbol id="sm-e09">
         <name>RTC_C_registerInterrupt</name>
         <value>0x74ff</value>
         <object_component_ref idref="oc-2dd"/>
      </symbol>
      <symbol id="sm-e0a">
         <name>RTC_C_setCalibrationFrequency</name>
         <value>0x7099</value>
         <object_component_ref idref="oc-2dd"/>
      </symbol>
      <symbol id="sm-e0b">
         <name>RTC_C_setCalendarEvent</name>
         <value>0x722f</value>
         <object_component_ref idref="oc-2dd"/>
      </symbol>
      <symbol id="sm-e0c">
         <name>RTC_C_definePrescaleEvent</name>
         <value>0x725f</value>
         <object_component_ref idref="oc-2dd"/>
      </symbol>
      <symbol id="sm-e0d">
         <name>RTC_C_holdClock</name>
         <value>0x707b</value>
         <object_component_ref idref="oc-2dd"/>
      </symbol>
      <symbol id="sm-e0e">
         <name>RTC_C_getEnabledInterruptStatus</name>
         <value>0x7459</value>
         <object_component_ref idref="oc-2dd"/>
      </symbol>
      <symbol id="sm-e0f">
         <name>RTC_C_disableInterrupt</name>
         <value>0x7389</value>
         <object_component_ref idref="oc-2dd"/>
      </symbol>
      <symbol id="sm-e10">
         <name>RTC_C_enableInterrupt</name>
         <value>0x7333</value>
         <object_component_ref idref="oc-2dd"/>
      </symbol>
      <symbol id="sm-e11">
         <name>RTC_C_convertBinaryToBCD</name>
         <value>0x731b</value>
         <object_component_ref idref="oc-2dd"/>
      </symbol>
      <symbol id="sm-e12">
         <name>RTC_C_clearInterruptFlag</name>
         <value>0x74b9</value>
         <object_component_ref idref="oc-2dd"/>
      </symbol>
      <symbol id="sm-e56">
         <name>SysCtl_disableSRAMBankRetention</name>
         <value>0x8f1d</value>
         <object_component_ref idref="oc-140"/>
      </symbol>
      <symbol id="sm-e57">
         <name>SysCtl_getTempCalibrationConstant</name>
         <value>0x8fcb</value>
         <object_component_ref idref="oc-140"/>
      </symbol>
      <symbol id="sm-e58">
         <name>SysCtl_enablePeripheralAtCPUHalt</name>
         <value>0x8f43</value>
         <object_component_ref idref="oc-140"/>
      </symbol>
      <symbol id="sm-e59">
         <name>SysCtl_getSRAMSize</name>
         <value>0x8e43</value>
         <object_component_ref idref="oc-140"/>
      </symbol>
      <symbol id="sm-e5a">
         <name>SysCtl_enableSRAMBank</name>
         <value>0x8e7d</value>
         <object_component_ref idref="oc-140"/>
      </symbol>
      <symbol id="sm-e5b">
         <name>SysCtl_disablePeripheralAtCPUHalt</name>
         <value>0x8f57</value>
         <object_component_ref idref="oc-140"/>
      </symbol>
      <symbol id="sm-e5c">
         <name>SysCtl_setWDTTimeoutResetType</name>
         <value>0x8f6b</value>
         <object_component_ref idref="oc-140"/>
      </symbol>
      <symbol id="sm-e5d">
         <name>SysCtl_getNMISourceStatus</name>
         <value>0x8e77</value>
         <object_component_ref idref="oc-140"/>
      </symbol>
      <symbol id="sm-e5e">
         <name>SysCtl_enableNMISource</name>
         <value>0x8e63</value>
         <object_component_ref idref="oc-140"/>
      </symbol>
      <symbol id="sm-e5f">
         <name>SysCtl_disableSRAMBank</name>
         <value>0x8e99</value>
         <object_component_ref idref="oc-140"/>
      </symbol>
      <symbol id="sm-e60">
         <name>SysCtl_disableGlitchFilter</name>
         <value>0x8fbf</value>
         <object_component_ref idref="oc-140"/>
      </symbol>
      <symbol id="sm-e61">
         <name>SysCtl_disableNMISource</name>
         <value>0x8e4f</value>
         <object_component_ref idref="oc-140"/>
      </symbol>
      <symbol id="sm-e62">
         <name>SysCtl_setWDTPasswordViolationResetType</name>
         <value>0x8f8f</value>
         <object_component_ref idref="oc-140"/>
      </symbol>
      <symbol id="sm-e63">
         <name>SysCtl_rebootDevice</name>
         <value>0x8f39</value>
         <object_component_ref idref="oc-140"/>
      </symbol>
      <symbol id="sm-e64">
         <name>SysCtl_getFlashSize</name>
         <value>0x8e49</value>
         <object_component_ref idref="oc-140"/>
      </symbol>
      <symbol id="sm-e65">
         <name>SysCtl_getTLVInfo</name>
         <value>0x8dcd</value>
         <object_component_ref idref="oc-140"/>
      </symbol>
      <symbol id="sm-e66">
         <name>SysCtl_enableGlitchFilter</name>
         <value>0x8fb3</value>
         <object_component_ref idref="oc-140"/>
      </symbol>
      <symbol id="sm-e67">
         <name>SysCtl_enableSRAMBankRetention</name>
         <value>0x8f01</value>
         <object_component_ref idref="oc-140"/>
      </symbol>
      <symbol id="sm-e8e">
         <name>Timer32_startTimer</name>
         <value>0x92cf</value>
         <object_component_ref idref="oc-eb"/>
      </symbol>
      <symbol id="sm-e8f">
         <name>Timer32_enableInterrupt</name>
         <value>0x9317</value>
         <object_component_ref idref="oc-eb"/>
      </symbol>
      <symbol id="sm-e90">
         <name>Timer32_setCount</name>
         <value>0x9261</value>
         <object_component_ref idref="oc-eb"/>
      </symbol>
      <symbol id="sm-e91">
         <name>Timer32_getInterruptStatus</name>
         <value>0x9353</value>
         <object_component_ref idref="oc-eb"/>
      </symbol>
      <symbol id="sm-e92">
         <name>Timer32_getValue</name>
         <value>0x92c1</value>
         <object_component_ref idref="oc-eb"/>
      </symbol>
      <symbol id="sm-e93">
         <name>Timer32_haltTimer</name>
         <value>0x9303</value>
         <object_component_ref idref="oc-eb"/>
      </symbol>
      <symbol id="sm-e94">
         <name>Timer32_registerInterrupt</name>
         <value>0x9361</value>
         <object_component_ref idref="oc-eb"/>
      </symbol>
      <symbol id="sm-e95">
         <name>Timer32_unregisterInterrupt</name>
         <value>0x9377</value>
         <object_component_ref idref="oc-eb"/>
      </symbol>
      <symbol id="sm-e96">
         <name>Timer32_disableInterrupt</name>
         <value>0x932b</value>
         <object_component_ref idref="oc-eb"/>
      </symbol>
      <symbol id="sm-e97">
         <name>Timer32_initModule</name>
         <value>0x9201</value>
         <object_component_ref idref="oc-eb"/>
      </symbol>
      <symbol id="sm-e98">
         <name>Timer32_setCountInBackground</name>
         <value>0x9291</value>
         <object_component_ref idref="oc-eb"/>
      </symbol>
      <symbol id="sm-e99">
         <name>Timer32_clearInterruptFlag</name>
         <value>0x933f</value>
         <object_component_ref idref="oc-eb"/>
      </symbol>
      <symbol id="sm-eec">
         <name>UART_unregisterInterrupt</name>
         <value>0x8649</value>
         <object_component_ref idref="oc-c5"/>
      </symbol>
      <symbol id="sm-eed">
         <name>UART_enableInterrupt</name>
         <value>0x84d5</value>
         <object_component_ref idref="oc-c5"/>
      </symbol>
      <symbol id="sm-eee">
         <name>UART_receiveData</name>
         <value>0x83ab</value>
         <object_component_ref idref="oc-c5"/>
      </symbol>
      <symbol id="sm-eef">
         <name>UART_enableModule</name>
         <value>0x83d1</value>
         <object_component_ref idref="oc-c5"/>
      </symbol>
      <symbol id="sm-ef0">
         <name>UART_disableModule</name>
         <value>0x83e7</value>
         <object_component_ref idref="oc-c5"/>
      </symbol>
      <symbol id="sm-ef1">
         <name>UART_getEnabledInterruptStatus</name>
         <value>0x8551</value>
         <object_component_ref idref="oc-c5"/>
      </symbol>
      <symbol id="sm-ef2">
         <name>UART_transmitData</name>
         <value>0x8381</value>
         <object_component_ref idref="oc-c5"/>
      </symbol>
      <symbol id="sm-ef3">
         <name>UART_transmitBreak</name>
         <value>0x8457</value>
         <object_component_ref idref="oc-c5"/>
      </symbol>
      <symbol id="sm-ef4">
         <name>UART_registerInterrupt</name>
         <value>0x85cd</value>
         <object_component_ref idref="oc-c5"/>
      </symbol>
      <symbol id="sm-ef5">
         <name>UART_selectDeglitchTime</name>
         <value>0x84b9</value>
         <object_component_ref idref="oc-c5"/>
      </symbol>
      <symbol id="sm-ef6">
         <name>UART_getInterruptStatus</name>
         <value>0x8535</value>
         <object_component_ref idref="oc-c5"/>
      </symbol>
      <symbol id="sm-ef7">
         <name>UART_getReceiveBufferAddressForDMA</name>
         <value>0x849d</value>
         <object_component_ref idref="oc-c5"/>
      </symbol>
      <symbol id="sm-ef8">
         <name>UART_getTransmitBufferAddressForDMA</name>
         <value>0x84ab</value>
         <object_component_ref idref="oc-c5"/>
      </symbol>
      <symbol id="sm-ef9">
         <name>UART_initModule</name>
         <value>0x8299</value>
         <object_component_ref idref="oc-c5"/>
      </symbol>
      <symbol id="sm-efa">
         <name>UART_transmitAddress</name>
         <value>0x8439</value>
         <object_component_ref idref="oc-c5"/>
      </symbol>
      <symbol id="sm-efb">
         <name>UART_clearInterruptFlag</name>
         <value>0x85ad</value>
         <object_component_ref idref="oc-c5"/>
      </symbol>
      <symbol id="sm-efc">
         <name>UART_queryStatusFlags</name>
         <value>0x83fd</value>
         <object_component_ref idref="oc-c5"/>
      </symbol>
      <symbol id="sm-efd">
         <name>UART_disableInterrupt</name>
         <value>0x8505</value>
         <object_component_ref idref="oc-c5"/>
      </symbol>
      <symbol id="sm-efe">
         <name>UART_setDormant</name>
         <value>0x8411</value>
         <object_component_ref idref="oc-c5"/>
      </symbol>
      <symbol id="sm-eff">
         <name>UART_resetDormant</name>
         <value>0x8425</value>
         <object_component_ref idref="oc-c5"/>
      </symbol>
      <symbol id="sm-f16">
         <name>WDT_A_setTimeoutReset</name>
         <value>0x9899</value>
         <object_component_ref idref="oc-8b"/>
      </symbol>
      <symbol id="sm-f17">
         <name>WDT_A_registerInterrupt</name>
         <value>0x98a5</value>
         <object_component_ref idref="oc-8b"/>
      </symbol>
      <symbol id="sm-f18">
         <name>WDT_A_setPasswordViolationReset</name>
         <value>0x988d</value>
         <object_component_ref idref="oc-8b"/>
      </symbol>
      <symbol id="sm-f19">
         <name>WDT_A_initIntervalTimer</name>
         <value>0x9871</value>
         <object_component_ref idref="oc-8b"/>
      </symbol>
      <symbol id="sm-f1a">
         <name>WDT_A_clearTimer</name>
         <value>0x9835</value>
         <object_component_ref idref="oc-8b"/>
      </symbol>
      <symbol id="sm-f1b">
         <name>WDT_A_holdTimer</name>
         <value>0x97f5</value>
         <object_component_ref idref="oc-8b"/>
      </symbol>
      <symbol id="sm-f1c">
         <name>WDT_A_initWatchdogTimer</name>
         <value>0x9855</value>
         <object_component_ref idref="oc-8b"/>
      </symbol>
      <symbol id="sm-f1d">
         <name>WDT_A_startTimer</name>
         <value>0x9815</value>
         <object_component_ref idref="oc-8b"/>
      </symbol>
      <symbol id="sm-f1e">
         <name>WDT_A_unregisterInterrupt</name>
         <value>0x98b9</value>
         <object_component_ref idref="oc-8b"/>
      </symbol>
      <symbol id="sm-f2d">
         <name>__aeabi_uidivmod</name>
         <value>0x9c7d</value>
         <object_component_ref idref="oc-2c3"/>
      </symbol>
      <symbol id="sm-f2e">
         <name>__aeabi_uidiv</name>
         <value>0x9c7d</value>
         <object_component_ref idref="oc-2c3"/>
      </symbol>
      <symbol id="sm-f3d">
         <name>__aeabi_memset</name>
         <value>0x9aef</value>
         <object_component_ref idref="oc-11e"/>
      </symbol>
      <symbol id="sm-f3e">
         <name>memset</name>
         <value>0x9af5</value>
         <object_component_ref idref="oc-11e"/>
      </symbol>
      <symbol id="sm-f3f">
         <name>__aeabi_memset8</name>
         <value>0x9aef</value>
         <object_component_ref idref="oc-11e"/>
      </symbol>
      <symbol id="sm-f40">
         <name>__aeabi_memset4</name>
         <value>0x9aef</value>
         <object_component_ref idref="oc-11e"/>
      </symbol>
      <symbol id="sm-f41">
         <name>__aeabi_memclr8</name>
         <value>0x9aed</value>
         <object_component_ref idref="oc-11e"/>
      </symbol>
      <symbol id="sm-f42">
         <name>__aeabi_memclr4</name>
         <value>0x9aed</value>
         <object_component_ref idref="oc-11e"/>
      </symbol>
      <symbol id="sm-f43">
         <name>__aeabi_memclr</name>
         <value>0x9aed</value>
         <object_component_ref idref="oc-11e"/>
      </symbol>
      <symbol id="sm-f5e">
         <name>memcpy</name>
         <value>0x9a51</value>
         <object_component_ref idref="oc-53"/>
      </symbol>
      <symbol id="sm-f5f">
         <name>__aeabi_memcpy</name>
         <value>0x9a51</value>
         <object_component_ref idref="oc-53"/>
      </symbol>
      <symbol id="sm-f60">
         <name>__aeabi_memcpy8</name>
         <value>0x9a51</value>
         <object_component_ref idref="oc-53"/>
      </symbol>
      <symbol id="sm-f61">
         <name>__aeabi_memcpy4</name>
         <value>0x9a51</value>
         <object_component_ref idref="oc-53"/>
      </symbol>
      <symbol id="sm-f73">
         <name>__TI_zero_init</name>
         <value>0x9d7d</value>
         <object_component_ref idref="oc-65"/>
      </symbol>
      <symbol id="sm-f8a">
         <name>__TI_decompress_none</name>
         <value>0x9d6f</value>
         <object_component_ref idref="oc-1c"/>
      </symbol>
      <symbol id="sm-fad">
         <name>__TI_decompress_lzss</name>
         <value>0x9b67</value>
         <object_component_ref idref="oc-16"/>
      </symbol>
      <symbol id="sm-fbb">
         <name>strcpy</name>
         <value>0x9d47</value>
         <object_component_ref idref="oc-17c"/>
      </symbol>
      <symbol id="sm-fc9">
         <name>strlen</name>
         <value>0x9d5b</value>
         <object_component_ref idref="oc-182"/>
      </symbol>
      <symbol id="sm-fdc">
         <name>__stack</name>
         <value>0x2000fe00</value>
         <object_component_ref idref="oc-25"/>
      </symbol>
      <symbol id="sm-fdd">
         <name>_c_int00_noargs</name>
         <value>0x9cfd</value>
         <object_component_ref idref="oc-71"/>
      </symbol>
      <symbol id="sm-fe7">
         <name>__aeabi_idiv0</name>
         <value>0x963f</value>
         <object_component_ref idref="oc-360"/>
      </symbol>
      <symbol id="sm-fe8">
         <name>__aeabi_ldiv0</name>
         <value>0x963f</value>
         <object_component_ref idref="oc-360"/>
      </symbol>
      <symbol id="sm-1010">
         <name>__TI_auto_init_nobinit_nopinit</name>
         <value>0x9c39</value>
         <object_component_ref idref="oc-244"/>
      </symbol>
      <symbol id="sm-101a">
         <name>_system_pre_init</name>
         <value>0x9d89</value>
         <object_component_ref idref="oc-124"/>
      </symbol>
      <symbol id="sm-1026">
         <name>C$$EXIT</name>
         <value>0x9d8d</value>
         <object_component_ref idref="oc-238"/>
      </symbol>
      <symbol id="sm-1027">
         <name>abort</name>
         <value>0x9d8d</value>
         <object_component_ref idref="oc-238"/>
      </symbol>
      <symbol id="sm-102a">
         <name>__TI_static_base__</name>
         <value>0x0</value>
      </symbol>
      <symbol id="sm-102d">
         <name>__mpu_init</name>
         <value>0x0</value>
      </symbol>
      <symbol id="sm-102e">
         <name>_system_post_cinit</name>
         <value>0x0</value>
      </symbol>
   </symbol_table>
   <title>Link successful</title>
</link_info>
