******************************************************************************
                  TI ARM Linker Unix v20.2.4                   
******************************************************************************
>> Linked Sat Jun  5 12:27:49 2021

OUTPUT FILE NAME:   <garden-from-blank.out>
ENTRY POINT SYMBOL: "_c_int00_noargs"  address: 00009cfd


MEMORY CONFIGURATION

         name            origin    length      used     unused   attr    fill
----------------------  --------  ---------  --------  --------  ----  --------
  MAIN                  00000000   00040000  00009f20  000360e0  R  X
  INFO                  00200000   00004000  00000000  00004000  R  X
  SRAM_CODE             01000000   00010000  00000000  00010000  RW X
  SRAM_DATA             20000000   00010000  0000cebc  00003144  RW  


SEGMENT ALLOCATION MAP

run origin  load origin   length   init length attrs members
----------  ----------- ---------- ----------- ----- -------
00000000    00000000    00009f20   00009f20    r-x
  00000000    00000000    00000144   00000144    r-- .intvecs
  00000144    00000144    00009c4c   00009c4c    r-x .text
  00009d90    00009d90    000000e0   000000e0    r-- .const
  00009e70    00009e70    000000b0   000000b0    r-- .cinit
20000000    20000000    0000ccbc   00000000    rw-
  20000000    20000000    000000e4   00000000    rw- .vtable
  200000e4    200000e4    0000c920   00000000    rw- .bss
  2000ca04    2000ca04    000002b8   00000000    rw- .data
2000fe00    2000fe00    00000200   00000000    rw-
  2000fe00    2000fe00    00000200   00000000    rw- .stack


SECTION ALLOCATION MAP

 output                                  attributes/
section   page    origin      length       input sections
--------  ----  ----------  ----------   ----------------
.intvecs   0    00000000    00000144     
                  00000000    00000144     msp432_startup_ccs.obj (.intvecs:retain)

.text      0    00000144    00009c4c     
                  00000144    00002110     tasks.obj (.text)
                  00002254    00001598     flash.obj (.text)
                  000037ec    00001110     queue.obj (.text)
                  000048fc    00000d80     cs.obj (.text)
                  0000567c    00000954     IntQueue.obj (.text)
                  00005fd0    00000854     timers.obj (.text)
                  00006824    00000838     pcm.obj (.text)
                  0000705c    00000508     rtc_c.obj (.text)
                  00007564    00000480     gpio.obj (.text)
                  000079e4    00000480     port.obj (.text)
                  00007e64    00000434     printf-stdarg.obj (.text)
                  00008298    0000041c     uart.obj (.text)
                  000086b4    000003f0     interrupt.obj (.text)
                  00008aa4    00000328     system_msp432p401r.obj (.text)
                  00008dcc    00000244     sysctl.obj (.text)
                  00009010    000001f0     serial.obj (.text)
                  00009200    00000194     timer32.obj (.text)
                  00009394    00000180     main_blinky.obj (.text)
                  00009514    0000012a     list.obj (.text)
                  0000963e    00000002     rtsv7M4_T_le_v4SPD16_eabi.lib : div0.asm.obj (.text)
                  00009640    000000da     portasm.obj (.text)
                  0000971a    00000002     --HOLE-- [fill = 0]
                  0000971c    000000d8     heap_1.obj (.text)
                  000097f4    000000d8     wdt_a.obj (.text)
                  000098cc    000000c4     IntQueueTimer.obj (.text)
                  00009990    000000c0     fpu.obj (.text)
                  00009a50    0000009c     rtsv7M4_T_le_v4SPD16_eabi.lib : memcpy_t2.asm.obj (.text)
                  00009aec    0000007a                                   : memset_t2.asm.obj (.text)
                  00009b66    00000068                                   : copy_decompress_lzss.c.obj (.text:decompress:lzss:__TI_decompress_lzss)
                  00009bce    00000068     main.obj (.text)
                  00009c36    00000002     --HOLE-- [fill = 0]
                  00009c38    00000044     rtsv7M4_T_le_v4SPD16_eabi.lib : autoinit.c.obj (.text:__TI_auto_init_nobinit_nopinit:__TI_auto_init_nobinit_nopinit)
                  00009c7c    00000040                                   : u_divt2.asm.obj (.text)
                  00009cbc    0000003e     cpu.obj (.text)
                  00009cfa    00000002     --HOLE-- [fill = 0]
                  00009cfc    00000034     rtsv7M4_T_le_v4SPD16_eabi.lib : boot_cortex_m.c.obj (.text:_c_int00_noargs:_c_int00_noargs)
                  00009d30    00000016     msp432_startup_ccs.obj (.text)
                  00009d46    00000014     rtsv7M4_T_le_v4SPD16_eabi.lib : strcpy.c.obj (.text:strcpy)
                  00009d5a    00000014                                   : strlen.c.obj (.text:strlen)
                  00009d6e    0000000e                                   : copy_decompress_none.c.obj (.text:decompress:none:__TI_decompress_none)
                  00009d7c    0000000c                                   : copy_zero_init.c.obj (.text:decompress:ZI:__TI_zero_init)
                  00009d88    00000004                                   : pre_init.c.obj (.text:_system_pre_init)
                  00009d8c    00000004                                   : exit.c.obj (.text:abort:abort)

.const     0    00009d90    000000e0     
                  00009d90    00000050     interrupt.obj (.const:g_pulRegs)
                  00009de0    00000024     serial.obj (.const:xUARTConfig)
                  00009e04    00000020     interrupt.obj (.const:g_pulPriority)
                  00009e24    0000001c     gpio.obj (.const:GPIO_PORT_TO_INT)
                  00009e40    00000008     interrupt.obj (.const:g_pulDisRegs)
                  00009e48    00000008     interrupt.obj (.const:g_pulEnRegs)
                  00009e50    00000008     interrupt.obj (.const:g_pulPendRegs)
                  00009e58    00000008     interrupt.obj (.const:g_pulUnpendRegs)
                  00009e60    00000008     port.obj (.const)
                  00009e68    00000004     serial.obj (.const)
                  00009e6c    00000004     tasks.obj (.const)

.cinit     0    00009e70    000000b0     
                  00009e70    00000079     (.cinit..data.load) [load image, compression = lzss]
                  00009ee9    00000003     --HOLE-- [fill = 0]
                  00009eec    0000000c     (__TI_handler_table)
                  00009ef8    00000008     (.cinit..bss.load) [load image, compression = zero_init]
                  00009f00    00000008     (.cinit..vtable.load) [load image, compression = zero_init]
                  00009f08    00000018     (__TI_cinit_table)

.vtable    0    20000000    000000e4     UNINITIALIZED
                  20000000    000000e4     interrupt.obj (.vtable)

.bss       0    200000e4    0000c920     UNINITIALIZED
                  200000e4    0000c800     heap_1.obj (.bss:ucHeap)
                  2000c8e4    00000064     tasks.obj (.bss:pxReadyTasksLists)
                  2000c948    00000014     timers.obj (.bss:xActiveTimerList1)
                  2000c95c    00000014     timers.obj (.bss:xActiveTimerList2)
                  2000c970    00000014     tasks.obj (.bss:xDelayedTaskList1)
                  2000c984    00000014     tasks.obj (.bss:xDelayedTaskList2)
                  2000c998    00000014     tasks.obj (.bss:xPendingReadyList)
                  2000c9ac    00000014     tasks.obj (.bss:xSuspendedTaskList)
                  2000c9c0    00000014     tasks.obj (.bss:xTasksWaitingTermination)
                  2000c9d4    00000008     IntQueue.obj (.bss)
                  2000c9dc    00000008     cs.obj (.bss)
                  2000c9e4    00000008     tasks.obj (.bss)
                  2000c9ec    00000008     timers.obj (.bss)
                  2000c9f4    00000004     (.common:xHighPriorityNormallyEmptyTask1)
                  2000c9f8    00000004     (.common:xHighPriorityNormallyEmptyTask2)
                  2000c9fc    00000004     (.common:xHighPriorityNormallyFullTask1)
                  2000ca00    00000004     (.common:xHighPriorityNormallyFullTask2)

.data      0    2000ca04    000002b8     UNINITIALIZED
                  2000ca04    000000c8     IntQueue.obj (.data:ucNormallyEmptyReceivedValues)
                  2000cacc    000000c8     IntQueue.obj (.data:ucNormallyFullReceivedValues)
                  2000cb94    00000040     flash.obj (.data:__getBurstProgramRegs)
                  2000cbd4    0000003c     IntQueue.obj (.data)
                  2000cc10    00000034     tasks.obj (.data)
                  2000cc44    00000030     gpio.obj (.data:GPIO_PORT_TO_BASE)
                  2000cc74    00000018     port.obj (.data)
                  2000cc8c    00000010     serial.obj (.data)
                  2000cc9c    0000000c     timers.obj (.data)
                  2000cca8    00000008     heap_1.obj (.data)
                  2000ccb0    00000008     main_blinky.obj (.data)
                  2000ccb8    00000004     system_msp432p401r.obj (.data)

.stack     0    2000fe00    00000200     UNINITIALIZED
                  2000fe00    00000004     rtsv7M4_T_le_v4SPD16_eabi.lib : boot_cortex_m.c.obj (.stack)
                  2000fe04    000001fc     --HOLE--

__llvm_prf_cnts 
*          0    20000000    00000000     UNINITIALIZED

MODULE SUMMARY

       Module                       code    ro data   rw data
       ------                       ----    -------   -------
    ./
       printf-stdarg.obj            1076    0         0      
       system_msp432p401r.obj       808     0         4      
       msp432_startup_ccs.obj       22      324       0      
       main.obj                     104     0         0      
    +--+----------------------------+-------+---------+---------+
       Total:                       2010    324       4      
                                                             
    ./Full_Demo/
       IntQueue.obj                 2388    0         484    
       serial.obj                   496     40        16     
       IntQueueTimer.obj            196     0         0      
    +--+----------------------------+-------+---------+---------+
       Total:                       3080    40        500    
                                                             
    ./SimplyBlinkyDemo/
       main_blinky.obj              384     0         8      
    +--+----------------------------+-------+---------+---------+
       Total:                       384     0         8      
                                                             
    ./Source/
       tasks.obj                    8464    4         260    
       queue.obj                    4368    0         0      
       timers.obj                   2132    0         60     
       list.obj                     298     0         0      
    +--+----------------------------+-------+---------+---------+
       Total:                       15262   4         320    
                                                             
    ./Source/portable/CCS/ARM_CM4F/
       port.obj                     1152    8         24     
       portasm.obj                  218     0         0      
    +--+----------------------------+-------+---------+---------+
       Total:                       1370    8         24     
                                                             
    ./Source/portable/MemMang/
       heap_1.obj                   216     0         51208  
    +--+----------------------------+-------+---------+---------+
       Total:                       216     0         51208  
                                                             
    ./driverlib/
       flash.obj                    5528    0         64     
       cs.obj                       3456    0         8      
       pcm.obj                      2104    0         0      
       interrupt.obj                1008    144       228    
       rtc_c.obj                    1288    0         0      
       gpio.obj                     1152    28        48     
       uart.obj                     1052    0         0      
       sysctl.obj                   580     0         0      
       timer32.obj                  404     0         0      
       wdt_a.obj                    216     0         0      
       fpu.obj                      192     0         0      
       cpu.obj                      62      0         0      
    +--+----------------------------+-------+---------+---------+
       Total:                       17042   172       348    
                                                             
    /home/kernelpanic/ti/ccs1031/ccs/tools/compiler/ti-cgt-arm_20.2.4.LTS/lib/rtsv7M4_T_le_v4SPD16_eabi.lib
       memcpy_t2.asm.obj            156     0         0      
       memset_t2.asm.obj            122     0         0      
       copy_decompress_lzss.c.obj   104     0         0      
       autoinit.c.obj               68      0         0      
       u_divt2.asm.obj              64      0         0      
       boot_cortex_m.c.obj          52      0         0      
       strcpy.c.obj                 20      0         0      
       strlen.c.obj                 20      0         0      
       copy_decompress_none.c.obj   14      0         0      
       copy_zero_init.c.obj         12      0         0      
       exit.c.obj                   4       0         0      
       pre_init.c.obj               4       0         0      
       div0.asm.obj                 2       0         0      
    +--+----------------------------+-------+---------+---------+
       Total:                       642     0         0      
                                                             
       Stack:                       0       0         512    
       Linker Generated:            0       173       0      
    +--+----------------------------+-------+---------+---------+
       Grand Total:                 40006   721       52924  


LINKER GENERATED COPY TABLES

__TI_cinit_table @ 00009f08 records: 3, size/record: 8, table size: 24
	.data: load addr=00009e70, load size=00000079 bytes, run addr=2000ca04, run size=000002b8 bytes, compression=lzss
	.bss: load addr=00009ef8, load size=00000008 bytes, run addr=200000e4, run size=0000c920 bytes, compression=zero_init
	.vtable: load addr=00009f00, load size=00000008 bytes, run addr=20000000, run size=000000e4 bytes, compression=zero_init


LINKER GENERATED HANDLER TABLE

__TI_handler_table @ 00009eec records: 3, size/record: 4, table size: 12
	index: 0, handler: __TI_zero_init
	index: 1, handler: __TI_decompress_lzss
	index: 2, handler: __TI_decompress_none


GLOBAL SYMBOLS: SORTED ALPHABETICALLY BY Name 

address   name                                       
-------   ----                                       
00009d8d  C$$EXIT                                    
00009cf1  CPU_basepriGet                             
00009ce3  CPU_basepriSet                             
00009cbd  CPU_cpsid                                  
00009cd3  CPU_cpsie                                  
00009cc9  CPU_primask                                
00009cdf  CPU_wfi                                    
00005601  CS_clearInterruptFlag                      
00004ea5  CS_disableClockRequest                     
00004f8b  CS_disableDCOExternalResistor              
000054d5  CS_disableFaultCounter                     
000055bf  CS_disableInterrupt                        
00004e7d  CS_enableClockRequest                      
00004eed  CS_enableDCOExternalResistor               
000054a9  CS_enableFaultCounter                      
0000559d  CS_enableInterrupt                         
00005441  CS_getACLK                                 
00005401  CS_getBCLK                                 
00005085  CS_getDCOFrequency                         
000055e7  CS_getEnabledInterruptStatus               
0000541d  CS_getHSMCLK                               
000055e1  CS_getInterruptStatus                      
00005487  CS_getMCLK                                 
00005465  CS_getSMCLK                                
00004b9d  CS_initClockSignal                         
00005623  CS_registerInterrupt                       
00005501  CS_resetFaultCounter                       
00004fa9  CS_setDCOCenteredFrequency                 
00004f15  CS_setDCOExternalResistorCalibration       
00005229  CS_setDCOFrequency                         
00004b61  CS_setExternalClockSourceFrequency         
00004ec7  CS_setReferenceOscillatorFrequency         
0000554d  CS_startFaultCounter                       
00004ca1  CS_startHFXT                               
00004cc5  CS_startHFXTWithTimeout                    
00004d89  CS_startLFXT                               
00004dad  CS_startLFXTWithTimeout                    
00004fe1  CS_tuneDCOFrequency                        
00005637  CS_unregisterInterrupt                     
000099a3  FPU_disableModule                          
000099cf  FPU_disableStacking                        
000099c3  FPU_enableLazyStacking                     
00009991  FPU_enableModule                           
000099b1  FPU_enableStacking                         
00009a0f  FPU_setFlushToZeroMode                     
000099db  FPU_setHalfPrecisionMode                   
000099f5  FPU_setNaNMode                             
00009a29  FPU_setRoundingMode                        
0000329b  FlashCtl_clearInterruptFlag                
0000315f  FlashCtl_clearProgramVerification          
00003271  FlashCtl_disableInterrupt                  
000027d1  FlashCtl_disableReadBuffering              
000031c9  FlashCtl_disableWordProgramming            
0000325d  FlashCtl_enableInterrupt                   
0000277d  FlashCtl_enableReadBuffering               
00003199  FlashCtl_enableWordProgramming             
00002dfd  FlashCtl_eraseSector                       
0000328b  FlashCtl_getEnabledInterruptStatus         
00003285  FlashCtl_getInterruptStatus                
000023ff  FlashCtl_getMemoryInfo                     
00002c61  FlashCtl_getReadMode                       
0000322f  FlashCtl_getWaitState                      
00002c8b  FlashCtl_initiateMassErase                 
00002f21  FlashCtl_initiateSectorErase               
00002901  FlashCtl_isSectorProtected                 
000031d1  FlashCtl_isWordProgrammingEnabled          
00002cb1  FlashCtl_performMassErase                  
00002fb9  FlashCtl_programMemory                     
000028a1  FlashCtl_protectSector                     
000032af  FlashCtl_registerInterrupt                 
00003125  FlashCtl_setProgramVerification            
00002bf5  FlashCtl_setReadMode                       
000031f1  FlashCtl_setWaitState                      
00002831  FlashCtl_unprotectSector                   
000032c3  FlashCtl_unregisterInterrupt               
0000298d  FlashCtl_verifyMemory                      
00007887  GPIO_clearInterruptFlag                    
00007847  GPIO_disableInterrupt                      
00007825  GPIO_enableInterrupt                       
000078df  GPIO_getEnabledInterruptStatus             
000077f7  GPIO_getInputPinValue                      
00007869  GPIO_getInterruptStatus                    
000078a9  GPIO_interruptEdgeSelect                   
0000799f  GPIO_registerInterrupt                     
0000759f  GPIO_setAsInputPin                         
00007753  GPIO_setAsInputPinWithPullDownResistor     
000077a5  GPIO_setAsInputPinWithPullUpResistor       
00007565  GPIO_setAsOutputPin                        
00007669  GPIO_setAsPeripheralModuleFunctionInputPin 
000075e5  GPIO_setAsPeripheralModuleFunctionOutputPin
0000795b  GPIO_setDriveStrengthHigh                  
0000797d  GPIO_setDriveStrengthLow                   
000076ed  GPIO_setOutputHighOnPin                    
0000770f  GPIO_setOutputLowOnPin                     
00007731  GPIO_toggleOutputOnPin                     
000079bf  GPIO_unregisterInterrupt                   
00008877  Interrupt_disableInterrupt                 
000086c7  Interrupt_disableMaster                    
00008a75  Interrupt_disableSleepOnIsrExit            
00008805  Interrupt_enableInterrupt                  
000086b7  Interrupt_enableMaster                     
00008a63  Interrupt_enableSleepOnIsrExit             
000087df  Interrupt_getPriority                      
00008757  Interrupt_getPriorityGrouping              
00008a43  Interrupt_getPriorityMask                  
00008a5d  Interrupt_getVectorTableAddress            
000088e9  Interrupt_isEnabled                        
00008975  Interrupt_pendInterrupt                    
000086d7  Interrupt_registerInterrupt                
0000878f  Interrupt_setPriority                      
0000873d  Interrupt_setPriorityGrouping              
00008a33  Interrupt_setPriorityMask                  
00008a4d  Interrupt_setVectorTableAddress            
000089e5  Interrupt_unpendInterrupt                  
00008729  Interrupt_unregisterInterrupt              
00006fff  PCM_clearInterruptFlag                     
00006fd5  PCM_disableInterrupt                       
00006fad  PCM_disableRudeMode                        
00006fc1  PCM_enableInterrupt                        
00006f9b  PCM_enableRudeMode                         
000069a7  PCM_getCoreVoltageLevel                    
00006fef  PCM_getEnabledInterruptStatus              
00006fe9  PCM_getInterruptStatus                     
0000694d  PCM_getPowerMode                           
00006f8f  PCM_getPowerState                          
00006ec1  PCM_gotoLPM0                               
00006edf  PCM_gotoLPM0InterruptSafe                  
00006efb  PCM_gotoLPM3                               
00006f73  PCM_gotoLPM3InterruptSafe                  
00006e95  PCM_gotoLPM4                               
00006ea5  PCM_gotoLPM4InterruptSafe                  
00007013  PCM_registerInterrupt                      
0000691b  PCM_setCoreVoltageLevel                    
0000693d  PCM_setCoreVoltageLevelNonBlocking         
0000692b  PCM_setCoreVoltageLevelWithTimeout         
00006b4d  PCM_setPowerMode                           
00006b5d  PCM_setPowerModeNonBlocking                
00006b6d  PCM_setPowerModeWithTimeout                
00006e1f  PCM_setPowerState                          
00006e41  PCM_setPowerStateNonBlocking               
00006e2f  PCM_setPowerStateWithTimeout               
00006e51  PCM_shutdownDevice                         
00007027  PCM_unregisterInterrupt                    
000094dd  PORT1_IRQHandler                           
000074b9  RTC_C_clearInterruptFlag                   
00007303  RTC_C_convertBCDToBinary                   
0000731b  RTC_C_convertBinaryToBCD                   
0000725f  RTC_C_definePrescaleEvent                  
00007389  RTC_C_disableInterrupt                     
00007333  RTC_C_enableInterrupt                      
00007191  RTC_C_getCalendarTime                      
00007459  RTC_C_getEnabledInterruptStatus            
000073f1  RTC_C_getInterruptStatus                   
00007287  RTC_C_getPrescaleValue                     
0000707b  RTC_C_holdClock                            
0000711f  RTC_C_initCalendar                         
000074ff  RTC_C_registerInterrupt                    
000071f7  RTC_C_setCalendarAlarm                     
0000722f  RTC_C_setCalendarEvent                     
000070c9  RTC_C_setCalibrationData                   
00007099  RTC_C_setCalibrationFrequency              
000072b3  RTC_C_setPrescaleValue                     
000070f5  RTC_C_setTemperatureCompensation           
0000705d  RTC_C_startClock                           
0000751d  RTC_C_unregisterInterrupt                  
00008fbf  SysCtl_disableGlitchFilter                 
00008e4f  SysCtl_disableNMISource                    
00008f57  SysCtl_disablePeripheralAtCPUHalt          
00008e99  SysCtl_disableSRAMBank                     
00008f1d  SysCtl_disableSRAMBankRetention            
00008fb3  SysCtl_enableGlitchFilter                  
00008e63  SysCtl_enableNMISource                     
00008f43  SysCtl_enablePeripheralAtCPUHalt           
00008e7d  SysCtl_enableSRAMBank                      
00008f01  SysCtl_enableSRAMBankRetention             
00008e49  SysCtl_getFlashSize                        
00008e77  SysCtl_getNMISourceStatus                  
00008e43  SysCtl_getSRAMSize                         
00008dcd  SysCtl_getTLVInfo                          
00008fcb  SysCtl_getTempCalibrationConstant          
00008f39  SysCtl_rebootDevice                        
00008f8f  SysCtl_setWDTPasswordViolationResetType    
00008f6b  SysCtl_setWDTTimeoutResetType              
2000ccb8  SystemCoreClock                            
00008aa5  SystemCoreClockUpdate                      
00008d19  SystemInit                                 
0000933f  Timer32_clearInterruptFlag                 
0000932b  Timer32_disableInterrupt                   
00009317  Timer32_enableInterrupt                    
00009353  Timer32_getInterruptStatus                 
000092c1  Timer32_getValue                           
00009303  Timer32_haltTimer                          
00009201  Timer32_initModule                         
00009361  Timer32_registerInterrupt                  
00009261  Timer32_setCount                           
00009291  Timer32_setCountInBackground               
000092cf  Timer32_startTimer                         
00009377  Timer32_unregisterInterrupt                
000085ad  UART_clearInterruptFlag                    
00008505  UART_disableInterrupt                      
000083e7  UART_disableModule                         
000084d5  UART_enableInterrupt                       
000083d1  UART_enableModule                          
00008551  UART_getEnabledInterruptStatus             
00008535  UART_getInterruptStatus                    
0000849d  UART_getReceiveBufferAddressForDMA         
000084ab  UART_getTransmitBufferAddressForDMA        
00008299  UART_initModule                            
000083fd  UART_queryStatusFlags                      
000083ab  UART_receiveData                           
000085cd  UART_registerInterrupt                     
00008425  UART_resetDormant                          
000084b9  UART_selectDeglitchTime                    
00008411  UART_setDormant                            
00008439  UART_transmitAddress                       
00008457  UART_transmitBreak                         
00008381  UART_transmitData                          
00008649  UART_unregisterInterrupt                   
4000480c  WDTCTL_SYM                                 
00009835  WDT_A_clearTimer                           
000097f5  WDT_A_holdTimer                            
00009871  WDT_A_initIntervalTimer                    
00009855  WDT_A_initWatchdogTimer                    
000098a5  WDT_A_registerInterrupt                    
0000988d  WDT_A_setPasswordViolationReset            
00009899  WDT_A_setTimeoutReset                      
00009815  WDT_A_startTimer                           
000098b9  WDT_A_unregisterInterrupt                  
000036c7  __FlashCtl_remaskBurstDataPost             
000035ad  __FlashCtl_remaskBurstDataPre              
000033f1  __FlashCtl_remaskData32Post                
000034d5  __FlashCtl_remaskData32Pre                 
000032d3  __FlashCtl_remaskData8Post                 
00003353  __FlashCtl_remaskData8Pre                  
20010000  __STACK_END                                
00000200  __STACK_SIZE                               
00009f08  __TI_CINIT_Base                            
00009f20  __TI_CINIT_Limit                           
00009eec  __TI_Handler_Table_Base                    
00009ef8  __TI_Handler_Table_Limit                   
00009c39  __TI_auto_init_nobinit_nopinit             
00009b67  __TI_decompress_lzss                       
00009d6f  __TI_decompress_none                       
ffffffff  __TI_pprof_out_hndl                        
ffffffff  __TI_prof_data_size                        
ffffffff  __TI_prof_data_start                       
00000000  __TI_static_base__                         
00009d7d  __TI_zero_init                             
0000963f  __aeabi_idiv0                              
0000963f  __aeabi_ldiv0                              
00009aed  __aeabi_memclr                             
00009aed  __aeabi_memclr4                            
00009aed  __aeabi_memclr8                            
00009a51  __aeabi_memcpy                             
00009a51  __aeabi_memcpy4                            
00009a51  __aeabi_memcpy8                            
00009aef  __aeabi_memset                             
00009aef  __aeabi_memset4                            
00009aef  __aeabi_memset8                            
00009c7d  __aeabi_uidiv                              
00009c7d  __aeabi_uidivmod                           
ffffffff  __binit__                                  
ffffffff  __c_args__                                 
UNDEFED   __mpu_init                                 
2000fe00  __stack                                    
20000000  __start___llvm_prf_cnts                    
20000000  __stop___llvm_prf_cnts                     
00009cfd  _c_int00_noargs                            
UNDEFED   _system_post_cinit                         
00009d89  _system_pre_init                           
00009d8d  abort                                      
ffffffff  binit                                      
000013ad  eTaskConfirmSleepModeStatus                
00000585  eTaskGetState                              
20000000  g_pfnRAMVectors                            
00000000  interruptVectors                           
00009bcf  main                                       
00009395  main_blinky                                
00009c2d  malloc                                     
00009a51  memcpy                                     
00009af5  memset                                     
00000c21  pcTaskGetName                              
00006229  pcTimerGetName                             
00008201  printf                                     
0000971d  pvPortMalloc                               
00001af5  pvTaskIncrementMutexHeldCount              
00006711  pvTimerGetTimerID                          
2000cc10  pxCurrentTCB                               
000079e5  pxPortInitialiseStack                      
00008255  snprintf                                   
00008229  sprintf                                    
00009d47  strcpy                                     
00009d5b  strlen                                     
00004613  ucQueueGetQueueType                        
00009e60  ulMaxSyscallInterruptPriority              
00009651  ulPortGetIPSR                              
00001b0d  ulTaskGenericNotifyTake                    
0000214f  ulTaskGenericNotifyValueClear              
000095f7  uxListRemove                               
000045f3  uxQueueGetQueueNumber                      
00004541  uxQueueMessagesWaiting                     
000045a5  uxQueueMessagesWaitingFromISR              
00004571  uxQueueSpacesAvailable                     
00000c1b  uxTaskGetNumberOfTasks                     
00000c6d  uxTaskGetSystemState                       
00001305  uxTaskGetTaskNumber                        
0000065d  uxTaskPriorityGet                          
00000685  uxTaskPriorityGetFromISR                   
00001ad3  uxTaskResetEventItemValue                  
000061c3  uxTimerGetReloadMode                       
000067ef  uxTimerGetTimerNumber                      
00009e6c  uxTopUsedPriority                          
00009c13  vApplicationIdleHook                       
00009c03  vApplicationMallocFailedHook               
00009c15  vApplicationStackOverflowHook              
000094f5  vApplicationTickHook                       
000098cd  vInitialiseTimerForIntQueueTest            
00009515  vListInitialise                            
00009545  vListInitialiseItem                        
00009591  vListInsert                                
00009555  vListInsertEnd                             
0000970d  vPortEnableVFP                             
00007b4d  vPortEndScheduler                          
00007b71  vPortEnterCritical                         
00007bb3  vPortExitCritical                          
000097b1  vPortFree                                  
000097d5  vPortInitialiseBlocks                      
000096c9  vPortSVCHandler                            
00007d71  vPortSetupTimerInterrupt                   
000096e9  vPortStartFirstTask                        
00007c11  vPortSuppressTicksAndSleep                 
00007dd5  vPortValidateInterruptPriority             
000094eb  vPreSleepProcessing                        
000045cf  vQueueDelete                               
00004601  vQueueSetQueueNumber                       
000048a1  vQueueWaitForMessageRestricted             
0000914b  vSerialClose                               
0000908b  vSerialPutString                           
0000567d  vStartInterruptQueueTasks                  
00009945  vT32_0_Handler                             
00009965  vT32_1_Handler                             
0000051d  vTaskDelay                                 
00000371  vTaskDelete                                
00000a71  vTaskEndScheduler                          
00001fe1  vTaskGenericNotifyGiveFromISR              
000014b1  vTaskGetInfo                               
00001231  vTaskInternalSetTimeOutState               
000019c1  vTaskList                                  
000012fd  vTaskMissedYield                           
00000ff1  vTaskPlaceOnEventList                      
0000107f  vTaskPlaceOnEventListRestricted            
00001025  vTaskPlaceOnUnorderedEventList             
0000187d  vTaskPriorityDisinheritAfterTimeout        
000006c9  vTaskPrioritySet                           
00001169  vTaskRemoveFromUnorderedEventList          
00000961  vTaskResume                                
00001325  vTaskSetTaskNumber                         
000011ff  vTaskSetTimeOutState                       
000009f9  vTaskStartScheduler                        
00000d49  vTaskStepTick                              
000007fd  vTaskSuspend                               
00000a8d  vTaskSuspendAll                            
00000f21  vTaskSwitchContext                         
00006179  vTimerSetReloadMode                        
0000673f  vTimerSetTimerID                           
000067fd  vTimerSetTimerNumber                       
00009155  vUART_Handler                              
00008281  write                                      
00005f29  xAreIntQueueTasksStillRunning              
00005bed  xFirstTimerHandler                         
2000c9f4  xHighPriorityNormallyEmptyTask1            
2000c9f8  xHighPriorityNormallyEmptyTask2            
2000c9fc  xHighPriorityNormallyFullTask1             
2000ca00  xHighPriorityNormallyFullTask2             
000097dd  xPortGetFreeHeapSize                       
00009669  xPortPendSVHandler                         
00007a71  xPortStartScheduler                        
00007bdf  xPortSysTickHandler                        
00003a8b  xQueueCreateCountingSemaphore              
000039b7  xQueueCreateMutex                          
000038a1  xQueueGenericCreate                        
000037ed  xQueueGenericReset                         
00003ae9  xQueueGenericSend                          
00003c9d  xQueueGenericSendFromISR                   
00003dc9  xQueueGiveFromISR                          
000039e3  xQueueGiveMutexRecursive                   
0000480d  xQueueIsQueueEmptyFromISR                  
00004867  xQueueIsQueueFullFromISR                   
00004221  xQueuePeek                                 
00004495  xQueuePeekFromISR                          
00003ed7  xQueueReceive                              
0000439f  xQueueReceiveFromISR                       
0000404f  xQueueSemaphoreTake                        
00003a33  xQueueTakeMutexRecursive                   
00005d41  xSecondTimerHandler                        
0000906b  xSerialGetChar                             
00009011  xSerialPortInitMinimal                     
000090f5  xSerialPutChar                             
00000d83  xTaskCatchUpTicks                          
00001251  xTaskCheckForTimeOut                       
00000145  xTaskCreate                                
0000043b  xTaskDelayUntil                            
00001cbd  xTaskGenericNotify                         
00001e33  xTaskGenericNotifyFromISR                  
000020eb  xTaskGenericNotifyStateClear               
00001bc9  xTaskGenericNotifyWait                     
00001681  xTaskGetCurrentTaskHandle                  
00001699  xTaskGetSchedulerState                     
00000bf7  xTaskGetTickCount                          
00000c07  xTaskGetTickCountFromISR                   
00000dd5  xTaskIncrementTick                         
000017af  xTaskPriorityDisinherit                    
000016e1  xTaskPriorityInherit                       
000010c1  xTaskRemoveFromEventList                   
00000af5  xTaskResumeAll                             
0000600f  xTimerCreate                               
00005fd1  xTimerCreateTimerTask                      
000060b1  xTimerGenericCommand                       
000061ff  xTimerGetExpiryTime                        
00006153  xTimerGetPeriod                            
00006131  xTimerGetTimerDaemonTaskHandle             
000066d5  xTimerIsTimerActive                        
000067a3  xTimerPendFunctionCall                     
0000676d  xTimerPendFunctionCallFromISR              
00009de0  xUARTConfig                                


GLOBAL SYMBOLS: SORTED BY Symbol Address 

address   name                                       
-------   ----                                       
00000000  __TI_static_base__                         
00000000  interruptVectors                           
00000145  xTaskCreate                                
00000200  __STACK_SIZE                               
00000371  vTaskDelete                                
0000043b  xTaskDelayUntil                            
0000051d  vTaskDelay                                 
00000585  eTaskGetState                              
0000065d  uxTaskPriorityGet                          
00000685  uxTaskPriorityGetFromISR                   
000006c9  vTaskPrioritySet                           
000007fd  vTaskSuspend                               
00000961  vTaskResume                                
000009f9  vTaskStartScheduler                        
00000a71  vTaskEndScheduler                          
00000a8d  vTaskSuspendAll                            
00000af5  xTaskResumeAll                             
00000bf7  xTaskGetTickCount                          
00000c07  xTaskGetTickCountFromISR                   
00000c1b  uxTaskGetNumberOfTasks                     
00000c21  pcTaskGetName                              
00000c6d  uxTaskGetSystemState                       
00000d49  vTaskStepTick                              
00000d83  xTaskCatchUpTicks                          
00000dd5  xTaskIncrementTick                         
00000f21  vTaskSwitchContext                         
00000ff1  vTaskPlaceOnEventList                      
00001025  vTaskPlaceOnUnorderedEventList             
0000107f  vTaskPlaceOnEventListRestricted            
000010c1  xTaskRemoveFromEventList                   
00001169  vTaskRemoveFromUnorderedEventList          
000011ff  vTaskSetTimeOutState                       
00001231  vTaskInternalSetTimeOutState               
00001251  xTaskCheckForTimeOut                       
000012fd  vTaskMissedYield                           
00001305  uxTaskGetTaskNumber                        
00001325  vTaskSetTaskNumber                         
000013ad  eTaskConfirmSleepModeStatus                
000014b1  vTaskGetInfo                               
00001681  xTaskGetCurrentTaskHandle                  
00001699  xTaskGetSchedulerState                     
000016e1  xTaskPriorityInherit                       
000017af  xTaskPriorityDisinherit                    
0000187d  vTaskPriorityDisinheritAfterTimeout        
000019c1  vTaskList                                  
00001ad3  uxTaskResetEventItemValue                  
00001af5  pvTaskIncrementMutexHeldCount              
00001b0d  ulTaskGenericNotifyTake                    
00001bc9  xTaskGenericNotifyWait                     
00001cbd  xTaskGenericNotify                         
00001e33  xTaskGenericNotifyFromISR                  
00001fe1  vTaskGenericNotifyGiveFromISR              
000020eb  xTaskGenericNotifyStateClear               
0000214f  ulTaskGenericNotifyValueClear              
000023ff  FlashCtl_getMemoryInfo                     
0000277d  FlashCtl_enableReadBuffering               
000027d1  FlashCtl_disableReadBuffering              
00002831  FlashCtl_unprotectSector                   
000028a1  FlashCtl_protectSector                     
00002901  FlashCtl_isSectorProtected                 
0000298d  FlashCtl_verifyMemory                      
00002bf5  FlashCtl_setReadMode                       
00002c61  FlashCtl_getReadMode                       
00002c8b  FlashCtl_initiateMassErase                 
00002cb1  FlashCtl_performMassErase                  
00002dfd  FlashCtl_eraseSector                       
00002f21  FlashCtl_initiateSectorErase               
00002fb9  FlashCtl_programMemory                     
00003125  FlashCtl_setProgramVerification            
0000315f  FlashCtl_clearProgramVerification          
00003199  FlashCtl_enableWordProgramming             
000031c9  FlashCtl_disableWordProgramming            
000031d1  FlashCtl_isWordProgrammingEnabled          
000031f1  FlashCtl_setWaitState                      
0000322f  FlashCtl_getWaitState                      
0000325d  FlashCtl_enableInterrupt                   
00003271  FlashCtl_disableInterrupt                  
00003285  FlashCtl_getInterruptStatus                
0000328b  FlashCtl_getEnabledInterruptStatus         
0000329b  FlashCtl_clearInterruptFlag                
000032af  FlashCtl_registerInterrupt                 
000032c3  FlashCtl_unregisterInterrupt               
000032d3  __FlashCtl_remaskData8Post                 
00003353  __FlashCtl_remaskData8Pre                  
000033f1  __FlashCtl_remaskData32Post                
000034d5  __FlashCtl_remaskData32Pre                 
000035ad  __FlashCtl_remaskBurstDataPre              
000036c7  __FlashCtl_remaskBurstDataPost             
000037ed  xQueueGenericReset                         
000038a1  xQueueGenericCreate                        
000039b7  xQueueCreateMutex                          
000039e3  xQueueGiveMutexRecursive                   
00003a33  xQueueTakeMutexRecursive                   
00003a8b  xQueueCreateCountingSemaphore              
00003ae9  xQueueGenericSend                          
00003c9d  xQueueGenericSendFromISR                   
00003dc9  xQueueGiveFromISR                          
00003ed7  xQueueReceive                              
0000404f  xQueueSemaphoreTake                        
00004221  xQueuePeek                                 
0000439f  xQueueReceiveFromISR                       
00004495  xQueuePeekFromISR                          
00004541  uxQueueMessagesWaiting                     
00004571  uxQueueSpacesAvailable                     
000045a5  uxQueueMessagesWaitingFromISR              
000045cf  vQueueDelete                               
000045f3  uxQueueGetQueueNumber                      
00004601  vQueueSetQueueNumber                       
00004613  ucQueueGetQueueType                        
0000480d  xQueueIsQueueEmptyFromISR                  
00004867  xQueueIsQueueFullFromISR                   
000048a1  vQueueWaitForMessageRestricted             
00004b61  CS_setExternalClockSourceFrequency         
00004b9d  CS_initClockSignal                         
00004ca1  CS_startHFXT                               
00004cc5  CS_startHFXTWithTimeout                    
00004d89  CS_startLFXT                               
00004dad  CS_startLFXTWithTimeout                    
00004e7d  CS_enableClockRequest                      
00004ea5  CS_disableClockRequest                     
00004ec7  CS_setReferenceOscillatorFrequency         
00004eed  CS_enableDCOExternalResistor               
00004f15  CS_setDCOExternalResistorCalibration       
00004f8b  CS_disableDCOExternalResistor              
00004fa9  CS_setDCOCenteredFrequency                 
00004fe1  CS_tuneDCOFrequency                        
00005085  CS_getDCOFrequency                         
00005229  CS_setDCOFrequency                         
00005401  CS_getBCLK                                 
0000541d  CS_getHSMCLK                               
00005441  CS_getACLK                                 
00005465  CS_getSMCLK                                
00005487  CS_getMCLK                                 
000054a9  CS_enableFaultCounter                      
000054d5  CS_disableFaultCounter                     
00005501  CS_resetFaultCounter                       
0000554d  CS_startFaultCounter                       
0000559d  CS_enableInterrupt                         
000055bf  CS_disableInterrupt                        
000055e1  CS_getInterruptStatus                      
000055e7  CS_getEnabledInterruptStatus               
00005601  CS_clearInterruptFlag                      
00005623  CS_registerInterrupt                       
00005637  CS_unregisterInterrupt                     
0000567d  vStartInterruptQueueTasks                  
00005bed  xFirstTimerHandler                         
00005d41  xSecondTimerHandler                        
00005f29  xAreIntQueueTasksStillRunning              
00005fd1  xTimerCreateTimerTask                      
0000600f  xTimerCreate                               
000060b1  xTimerGenericCommand                       
00006131  xTimerGetTimerDaemonTaskHandle             
00006153  xTimerGetPeriod                            
00006179  vTimerSetReloadMode                        
000061c3  uxTimerGetReloadMode                       
000061ff  xTimerGetExpiryTime                        
00006229  pcTimerGetName                             
000066d5  xTimerIsTimerActive                        
00006711  pvTimerGetTimerID                          
0000673f  vTimerSetTimerID                           
0000676d  xTimerPendFunctionCallFromISR              
000067a3  xTimerPendFunctionCall                     
000067ef  uxTimerGetTimerNumber                      
000067fd  vTimerSetTimerNumber                       
0000691b  PCM_setCoreVoltageLevel                    
0000692b  PCM_setCoreVoltageLevelWithTimeout         
0000693d  PCM_setCoreVoltageLevelNonBlocking         
0000694d  PCM_getPowerMode                           
000069a7  PCM_getCoreVoltageLevel                    
00006b4d  PCM_setPowerMode                           
00006b5d  PCM_setPowerModeNonBlocking                
00006b6d  PCM_setPowerModeWithTimeout                
00006e1f  PCM_setPowerState                          
00006e2f  PCM_setPowerStateWithTimeout               
00006e41  PCM_setPowerStateNonBlocking               
00006e51  PCM_shutdownDevice                         
00006e95  PCM_gotoLPM4                               
00006ea5  PCM_gotoLPM4InterruptSafe                  
00006ec1  PCM_gotoLPM0                               
00006edf  PCM_gotoLPM0InterruptSafe                  
00006efb  PCM_gotoLPM3                               
00006f73  PCM_gotoLPM3InterruptSafe                  
00006f8f  PCM_getPowerState                          
00006f9b  PCM_enableRudeMode                         
00006fad  PCM_disableRudeMode                        
00006fc1  PCM_enableInterrupt                        
00006fd5  PCM_disableInterrupt                       
00006fe9  PCM_getInterruptStatus                     
00006fef  PCM_getEnabledInterruptStatus              
00006fff  PCM_clearInterruptFlag                     
00007013  PCM_registerInterrupt                      
00007027  PCM_unregisterInterrupt                    
0000705d  RTC_C_startClock                           
0000707b  RTC_C_holdClock                            
00007099  RTC_C_setCalibrationFrequency              
000070c9  RTC_C_setCalibrationData                   
000070f5  RTC_C_setTemperatureCompensation           
0000711f  RTC_C_initCalendar                         
00007191  RTC_C_getCalendarTime                      
000071f7  RTC_C_setCalendarAlarm                     
0000722f  RTC_C_setCalendarEvent                     
0000725f  RTC_C_definePrescaleEvent                  
00007287  RTC_C_getPrescaleValue                     
000072b3  RTC_C_setPrescaleValue                     
00007303  RTC_C_convertBCDToBinary                   
0000731b  RTC_C_convertBinaryToBCD                   
00007333  RTC_C_enableInterrupt                      
00007389  RTC_C_disableInterrupt                     
000073f1  RTC_C_getInterruptStatus                   
00007459  RTC_C_getEnabledInterruptStatus            
000074b9  RTC_C_clearInterruptFlag                   
000074ff  RTC_C_registerInterrupt                    
0000751d  RTC_C_unregisterInterrupt                  
00007565  GPIO_setAsOutputPin                        
0000759f  GPIO_setAsInputPin                         
000075e5  GPIO_setAsPeripheralModuleFunctionOutputPin
00007669  GPIO_setAsPeripheralModuleFunctionInputPin 
000076ed  GPIO_setOutputHighOnPin                    
0000770f  GPIO_setOutputLowOnPin                     
00007731  GPIO_toggleOutputOnPin                     
00007753  GPIO_setAsInputPinWithPullDownResistor     
000077a5  GPIO_setAsInputPinWithPullUpResistor       
000077f7  GPIO_getInputPinValue                      
00007825  GPIO_enableInterrupt                       
00007847  GPIO_disableInterrupt                      
00007869  GPIO_getInterruptStatus                    
00007887  GPIO_clearInterruptFlag                    
000078a9  GPIO_interruptEdgeSelect                   
000078df  GPIO_getEnabledInterruptStatus             
0000795b  GPIO_setDriveStrengthHigh                  
0000797d  GPIO_setDriveStrengthLow                   
0000799f  GPIO_registerInterrupt                     
000079bf  GPIO_unregisterInterrupt                   
000079e5  pxPortInitialiseStack                      
00007a71  xPortStartScheduler                        
00007b4d  vPortEndScheduler                          
00007b71  vPortEnterCritical                         
00007bb3  vPortExitCritical                          
00007bdf  xPortSysTickHandler                        
00007c11  vPortSuppressTicksAndSleep                 
00007d71  vPortSetupTimerInterrupt                   
00007dd5  vPortValidateInterruptPriority             
00008201  printf                                     
00008229  sprintf                                    
00008255  snprintf                                   
00008281  write                                      
00008299  UART_initModule                            
00008381  UART_transmitData                          
000083ab  UART_receiveData                           
000083d1  UART_enableModule                          
000083e7  UART_disableModule                         
000083fd  UART_queryStatusFlags                      
00008411  UART_setDormant                            
00008425  UART_resetDormant                          
00008439  UART_transmitAddress                       
00008457  UART_transmitBreak                         
0000849d  UART_getReceiveBufferAddressForDMA         
000084ab  UART_getTransmitBufferAddressForDMA        
000084b9  UART_selectDeglitchTime                    
000084d5  UART_enableInterrupt                       
00008505  UART_disableInterrupt                      
00008535  UART_getInterruptStatus                    
00008551  UART_getEnabledInterruptStatus             
000085ad  UART_clearInterruptFlag                    
000085cd  UART_registerInterrupt                     
00008649  UART_unregisterInterrupt                   
000086b7  Interrupt_enableMaster                     
000086c7  Interrupt_disableMaster                    
000086d7  Interrupt_registerInterrupt                
00008729  Interrupt_unregisterInterrupt              
0000873d  Interrupt_setPriorityGrouping              
00008757  Interrupt_getPriorityGrouping              
0000878f  Interrupt_setPriority                      
000087df  Interrupt_getPriority                      
00008805  Interrupt_enableInterrupt                  
00008877  Interrupt_disableInterrupt                 
000088e9  Interrupt_isEnabled                        
00008975  Interrupt_pendInterrupt                    
000089e5  Interrupt_unpendInterrupt                  
00008a33  Interrupt_setPriorityMask                  
00008a43  Interrupt_getPriorityMask                  
00008a4d  Interrupt_setVectorTableAddress            
00008a5d  Interrupt_getVectorTableAddress            
00008a63  Interrupt_enableSleepOnIsrExit             
00008a75  Interrupt_disableSleepOnIsrExit            
00008aa5  SystemCoreClockUpdate                      
00008d19  SystemInit                                 
00008dcd  SysCtl_getTLVInfo                          
00008e43  SysCtl_getSRAMSize                         
00008e49  SysCtl_getFlashSize                        
00008e4f  SysCtl_disableNMISource                    
00008e63  SysCtl_enableNMISource                     
00008e77  SysCtl_getNMISourceStatus                  
00008e7d  SysCtl_enableSRAMBank                      
00008e99  SysCtl_disableSRAMBank                     
00008f01  SysCtl_enableSRAMBankRetention             
00008f1d  SysCtl_disableSRAMBankRetention            
00008f39  SysCtl_rebootDevice                        
00008f43  SysCtl_enablePeripheralAtCPUHalt           
00008f57  SysCtl_disablePeripheralAtCPUHalt          
00008f6b  SysCtl_setWDTTimeoutResetType              
00008f8f  SysCtl_setWDTPasswordViolationResetType    
00008fb3  SysCtl_enableGlitchFilter                  
00008fbf  SysCtl_disableGlitchFilter                 
00008fcb  SysCtl_getTempCalibrationConstant          
00009011  xSerialPortInitMinimal                     
0000906b  xSerialGetChar                             
0000908b  vSerialPutString                           
000090f5  xSerialPutChar                             
0000914b  vSerialClose                               
00009155  vUART_Handler                              
00009201  Timer32_initModule                         
00009261  Timer32_setCount                           
00009291  Timer32_setCountInBackground               
000092c1  Timer32_getValue                           
000092cf  Timer32_startTimer                         
00009303  Timer32_haltTimer                          
00009317  Timer32_enableInterrupt                    
0000932b  Timer32_disableInterrupt                   
0000933f  Timer32_clearInterruptFlag                 
00009353  Timer32_getInterruptStatus                 
00009361  Timer32_registerInterrupt                  
00009377  Timer32_unregisterInterrupt                
00009395  main_blinky                                
000094dd  PORT1_IRQHandler                           
000094eb  vPreSleepProcessing                        
000094f5  vApplicationTickHook                       
00009515  vListInitialise                            
00009545  vListInitialiseItem                        
00009555  vListInsertEnd                             
00009591  vListInsert                                
000095f7  uxListRemove                               
0000963f  __aeabi_idiv0                              
0000963f  __aeabi_ldiv0                              
00009651  ulPortGetIPSR                              
00009669  xPortPendSVHandler                         
000096c9  vPortSVCHandler                            
000096e9  vPortStartFirstTask                        
0000970d  vPortEnableVFP                             
0000971d  pvPortMalloc                               
000097b1  vPortFree                                  
000097d5  vPortInitialiseBlocks                      
000097dd  xPortGetFreeHeapSize                       
000097f5  WDT_A_holdTimer                            
00009815  WDT_A_startTimer                           
00009835  WDT_A_clearTimer                           
00009855  WDT_A_initWatchdogTimer                    
00009871  WDT_A_initIntervalTimer                    
0000988d  WDT_A_setPasswordViolationReset            
00009899  WDT_A_setTimeoutReset                      
000098a5  WDT_A_registerInterrupt                    
000098b9  WDT_A_unregisterInterrupt                  
000098cd  vInitialiseTimerForIntQueueTest            
00009945  vT32_0_Handler                             
00009965  vT32_1_Handler                             
00009991  FPU_enableModule                           
000099a3  FPU_disableModule                          
000099b1  FPU_enableStacking                         
000099c3  FPU_enableLazyStacking                     
000099cf  FPU_disableStacking                        
000099db  FPU_setHalfPrecisionMode                   
000099f5  FPU_setNaNMode                             
00009a0f  FPU_setFlushToZeroMode                     
00009a29  FPU_setRoundingMode                        
00009a51  __aeabi_memcpy                             
00009a51  __aeabi_memcpy4                            
00009a51  __aeabi_memcpy8                            
00009a51  memcpy                                     
00009aed  __aeabi_memclr                             
00009aed  __aeabi_memclr4                            
00009aed  __aeabi_memclr8                            
00009aef  __aeabi_memset                             
00009aef  __aeabi_memset4                            
00009aef  __aeabi_memset8                            
00009af5  memset                                     
00009b67  __TI_decompress_lzss                       
00009bcf  main                                       
00009c03  vApplicationMallocFailedHook               
00009c13  vApplicationIdleHook                       
00009c15  vApplicationStackOverflowHook              
00009c2d  malloc                                     
00009c39  __TI_auto_init_nobinit_nopinit             
00009c7d  __aeabi_uidiv                              
00009c7d  __aeabi_uidivmod                           
00009cbd  CPU_cpsid                                  
00009cc9  CPU_primask                                
00009cd3  CPU_cpsie                                  
00009cdf  CPU_wfi                                    
00009ce3  CPU_basepriSet                             
00009cf1  CPU_basepriGet                             
00009cfd  _c_int00_noargs                            
00009d47  strcpy                                     
00009d5b  strlen                                     
00009d6f  __TI_decompress_none                       
00009d7d  __TI_zero_init                             
00009d89  _system_pre_init                           
00009d8d  C$$EXIT                                    
00009d8d  abort                                      
00009de0  xUARTConfig                                
00009e60  ulMaxSyscallInterruptPriority              
00009e6c  uxTopUsedPriority                          
00009eec  __TI_Handler_Table_Base                    
00009ef8  __TI_Handler_Table_Limit                   
00009f08  __TI_CINIT_Base                            
00009f20  __TI_CINIT_Limit                           
20000000  __start___llvm_prf_cnts                    
20000000  __stop___llvm_prf_cnts                     
20000000  g_pfnRAMVectors                            
2000c9f4  xHighPriorityNormallyEmptyTask1            
2000c9f8  xHighPriorityNormallyEmptyTask2            
2000c9fc  xHighPriorityNormallyFullTask1             
2000ca00  xHighPriorityNormallyFullTask2             
2000cc10  pxCurrentTCB                               
2000ccb8  SystemCoreClock                            
2000fe00  __stack                                    
20010000  __STACK_END                                
4000480c  WDTCTL_SYM                                 
ffffffff  __TI_pprof_out_hndl                        
ffffffff  __TI_prof_data_size                        
ffffffff  __TI_prof_data_start                       
ffffffff  __binit__                                  
ffffffff  __c_args__                                 
ffffffff  binit                                      
UNDEFED   __mpu_init                                 
UNDEFED   _system_post_cinit                         

[425 symbols]
